
 Start         Length     Name                   Class
 0001:00401000 00007F85CH _TEXT                  CODE
 0002:00481000 000008860H _DATA                  DATA
 0003:00489860 000004274H _BSS                   BSS
 0004:00000000 0000000B4H _TLS                   TLS


Detailed map of segments
 0001:00000000 0000014F C=CODE    S=_TEXT    G=(none)   M=C:\PROGRAM FILES\BORLAND\CBUILDER5\LIB\C0W32.OBJ ACBP=A9
 0001:0000014F 00000171 C=CODE    S=_TEXT    G=(none)   M=C:\PROGRAM FILES\BORLAND\CBUILDER5\LIB\OBJ\SYSINIT.OBJ ACBP=A9
 0001:000002C0 000002B8 C=CODE    S=_TEXT    G=(none)   M=D:\STASIEK\MY PROJECTS\OBSOLETE\PROGS\PANEL.VCL\RESIZER.OBJ ACBP=A9
 0001:00000578 000017DC C=CODE    S=_TEXT    G=(none)   M=D:\STASIEK\MY PROJECTS\OBSOLETE\PROGS\PANEL.VCL\UNIT1.OBJ ACBP=A9
 0001:00001D54 00000710 C=CODE    S=_TEXT    G=(none)   M=D:\STASIEK\MY PROJECTS\OBSOLETE\FORM_TEMPLATES\ABOUT_FRM.OBJ ACBP=A9
 0001:00002418 0000107D C=CODE    S=_TEXT    G=(none)   M=C:\PROGRAM FILES\BORLAND\CBUILDER5\LIB\DCLUSR50.LIB|C:\Program Files\Borland\CBuilder5\Projects\OBSOLETE\PACKAGES\ADVBAR.CPP ACBP=A9
 0001:00003495 00000AB7 C=CODE    S=_TEXT    G=(none)   M=C:\PROGRAM FILES\BORLAND\CBUILDER5\LIB\DCLUSR50.LIB|C:\Program Files\Borland\CBuilder5\Projects\OBSOLETE\PACKAGES\BROWSEDLG.cpp ACBP=A9
 0001:00003F4C 00000F3C C=CODE    S=_TEXT    G=(none)   M=C:\PROGRAM FILES\BORLAND\CBUILDER5\LIB\DCLUSR50.LIB|C:\Program Files\Borland\CBuilder5\Projects\OBSOLETE\PACKAGES\EXEDLG.CPP ACBP=A9
 0001:00004E88 00001630 C=CODE    S=_TEXT    G=(none)   M=C:\PROGRAM FILES\BORLAND\CBUILDER5\LIB\DCLUSR50.LIB|C:\Program Files\Borland\CBuilder5\Projects\OBSOLETE\PACKAGES\EXEINFO.CPP ACBP=A9
 0001:000064B8 00000888 C=CODE    S=_TEXT    G=(none)   M=C:\PROGRAM FILES\BORLAND\CBUILDER5\LIB\DCLUSR50.LIB|C:\Program Files\Borland\CBuilder5\Projects\OBSOLETE\PACKAGES\EXERES.CPP ACBP=A9
 0001:00006D40 000011E4 C=CODE    S=_TEXT    G=(none)   M=C:\PROGRAM FILES\BORLAND\CBUILDER5\LIB\DCLUSR50.LIB|C:\Program Files\Borland\CBuilder5\Projects\OBSOLETE\PACKAGES\FRAMEPAN.CPP ACBP=A9
 0001:00007F24 00003D5D C=CODE    S=_TEXT    G=(none)   M=C:\PROGRAM FILES\BORLAND\CBUILDER5\LIB\DCLUSR50.LIB|C:\Program Files\Borland\CBuilder5\Projects\OBSOLETE\PACKAGES\HINTBOX.CPP ACBP=A9
 0001:0000BC81 000001C7 C=CODE    S=_TEXT    G=(none)   M=C:\PROGRAM FILES\BORLAND\CBUILDER5\LIB\RELEASE\VCL50.LIB|Contnrs ACBP=A9
 0001:0000BE48 00000038 C=CODE    S=_TEXT    G=(none)   M=C:\PROGRAM FILES\BORLAND\CBUILDER5\LIB\RELEASE\VCL50.LIB|Masks ACBP=A9
 0001:0000BE80 00000038 C=CODE    S=_TEXT    G=(none)   M=C:\PROGRAM FILES\BORLAND\CBUILDER5\LIB\RELEASE\VCL50.LIB|UrlMon ACBP=A9
 0001:0000BEB8 0000015C C=CODE    S=_TEXT    G=(none)   M=C:\PROGRAM FILES\BORLAND\CBUILDER5\LIB\RELEASE\VCL50.LIB|StdActns ACBP=A9
 0001:0000C014 00001938 C=CODE    S=_TEXT    G=(none)   M=C:\PROGRAM FILES\BORLAND\CBUILDER5\LIB\RELEASE\VCL50.LIB|ImgList ACBP=A9
 0001:0000D94C 00000E50 C=CODE    S=_TEXT    G=(none)   M=C:\PROGRAM FILES\BORLAND\CBUILDER5\LIB\RELEASE\VCL50.LIB|ActnList ACBP=A9
 0001:0000E79C 00003604 C=CODE    S=_TEXT    G=(none)   M=C:\PROGRAM FILES\BORLAND\CBUILDER5\LIB\RELEASE\VCL50.LIB|DsgnIntf ACBP=A9
 0001:00011DA0 00000A8C C=CODE    S=_TEXT    G=(none)   M=C:\PROGRAM FILES\BORLAND\CBUILDER5\LIB\RELEASE\VCL50.LIB|ToolWin ACBP=A9
 0001:0001282C 00000A9C C=CODE    S=_TEXT    G=(none)   M=C:\PROGRAM FILES\BORLAND\CBUILDER5\LIB\RELEASE\VCL50.LIB|TypInfo ACBP=A9
 0001:000132C8 0000601C C=CODE    S=_TEXT    G=(none)   M=C:\PROGRAM FILES\BORLAND\CBUILDER5\LIB\RELEASE\VCL50.LIB|StdCtrls ACBP=A9
 0001:000192E4 00000068 C=CODE    S=_TEXT    G=(none)   M=C:\PROGRAM FILES\BORLAND\CBUILDER5\LIB\RELEASE\VCL50.LIB|Registry ACBP=A9
 0001:0001934C 00000044 C=CODE    S=_TEXT    G=(none)   M=C:\PROGRAM FILES\BORLAND\CBUILDER5\LIB\RELEASE\VCL50.LIB|Printers ACBP=A9
 0001:00019390 000061CF C=CODE    S=_TEXT    G=(none)   M=C:\PROGRAM FILES\BORLAND\CBUILDER5\LIB\RELEASE\VCL50.LIB|Menus ACBP=A9
 0001:0001F55F 00002A15 C=CODE    S=_TEXT    G=(none)   M=C:\PROGRAM FILES\BORLAND\CBUILDER5\LIB\RELEASE\VCL50.LIB|Mask ACBP=A9
 0001:00021F74 00000068 C=CODE    S=_TEXT    G=(none)   M=C:\PROGRAM FILES\BORLAND\CBUILDER5\LIB\RELEASE\VCL50.LIB|Inifiles ACBP=A9
 0001:00021FDC 00006760 C=CODE    S=_TEXT    G=(none)   M=C:\PROGRAM FILES\BORLAND\CBUILDER5\LIB\RELEASE\VCL50.LIB|Grids ACBP=A9
 0001:0002873C 00008DDB C=CODE    S=_TEXT    G=(none)   M=C:\PROGRAM FILES\BORLAND\CBUILDER5\LIB\RELEASE\VCL50.LIB|Graphics ACBP=A9
 0001:00031518 0000CE13 C=CODE    S=_TEXT    G=(none)   M=C:\PROGRAM FILES\BORLAND\CBUILDER5\LIB\RELEASE\VCL50.LIB|Forms ACBP=A9
 0001:0003E32B 00001DE1 C=CODE    S=_TEXT    G=(none)   M=C:\PROGRAM FILES\BORLAND\CBUILDER5\LIB\RELEASE\VCL50.LIB|ExtCtrls ACBP=A9
 0001:0004010C 00000B29 C=CODE    S=_TEXT    G=(none)   M=C:\PROGRAM FILES\BORLAND\CBUILDER5\LIB\RELEASE\VCL50.LIB|Dialogs ACBP=A9
 0001:00040C38 0000F6D8 C=CODE    S=_TEXT    G=(none)   M=C:\PROGRAM FILES\BORLAND\CBUILDER5\LIB\RELEASE\VCL50.LIB|Controls ACBP=A9
 0001:00050310 00000420 C=CODE    S=_TEXT    G=(none)   M=C:\PROGRAM FILES\BORLAND\CBUILDER5\LIB\RELEASE\VCL50.LIB|Consts ACBP=A9
 0001:00050730 00000040 C=CODE    S=_TEXT    G=(none)   M=C:\PROGRAM FILES\BORLAND\CBUILDER5\LIB\RELEASE\VCL50.LIB|ComStrs ACBP=A9
 0001:00050770 00009C08 C=CODE    S=_TEXT    G=(none)   M=C:\PROGRAM FILES\BORLAND\CBUILDER5\LIB\RELEASE\VCL50.LIB|ComCtrls ACBP=A9
 0001:0005A378 000005FC C=CODE    S=_TEXT    G=(none)   M=C:\PROGRAM FILES\BORLAND\CBUILDER5\LIB\RELEASE\VCL50.LIB|ClipBrd ACBP=A9
 0001:0005A974 00007FC3 C=CODE    S=_TEXT    G=(none)   M=C:\PROGRAM FILES\BORLAND\CBUILDER5\LIB\RELEASE\VCL50.LIB|Classes ACBP=A9
 0001:00062937 000021B6 C=CODE    S=_TEXT    G=(none)   M=C:\PROGRAM FILES\BORLAND\CBUILDER5\LIB\RELEASE\VCL50.LIB|Buttons ACBP=A9
 0001:00064AED 00000796 C=CODE    S=_TEXT    G=(none)   M=C:\PROGRAM FILES\BORLAND\CBUILDER5\LIB\RELEASE\VCL50.LIB|MultiMon ACBP=A9
 0001:00065283 00000320 C=CODE    S=_TEXT    G=(none)   M=C:\PROGRAM FILES\BORLAND\CBUILDER5\LIB\RELEASE\VCL50.LIB|FlatSB ACBP=A9
 0001:000655A3 00000039 C=CODE    S=_TEXT    G=(none)   M=C:\PROGRAM FILES\BORLAND\CBUILDER5\LIB\RELEASE\VCL50.LIB|Winspool ACBP=A9
 0001:000655DC 00000038 C=CODE    S=_TEXT    G=(none)   M=C:\PROGRAM FILES\BORLAND\CBUILDER5\LIB\RELEASE\VCL50.LIB|Wininet ACBP=A9
 0001:00065614 00000200 C=CODE    S=_TEXT    G=(none)   M=C:\PROGRAM FILES\BORLAND\CBUILDER5\LIB\RELEASE\VCL50.LIB|Windows ACBP=A9
 0001:00065814 00000038 C=CODE    S=_TEXT    G=(none)   M=C:\PROGRAM FILES\BORLAND\CBUILDER5\LIB\RELEASE\VCL50.LIB|ShlObj ACBP=A9
 0001:0006584C 00000038 C=CODE    S=_TEXT    G=(none)   M=C:\PROGRAM FILES\BORLAND\CBUILDER5\LIB\RELEASE\VCL50.LIB|ShellApi ACBP=A9
 0001:00065884 00000038 C=CODE    S=_TEXT    G=(none)   M=C:\PROGRAM FILES\BORLAND\CBUILDER5\LIB\RELEASE\VCL50.LIB|RichEdit ACBP=A9
 0001:000658BC 00000038 C=CODE    S=_TEXT    G=(none)   M=C:\PROGRAM FILES\BORLAND\CBUILDER5\LIB\RELEASE\VCL50.LIB|RegStr ACBP=A9
 0001:000658F4 00000038 C=CODE    S=_TEXT    G=(none)   M=C:\PROGRAM FILES\BORLAND\CBUILDER5\LIB\RELEASE\VCL50.LIB|ActiveX ACBP=A9
 0001:0006592C 00000038 C=CODE    S=_TEXT    G=(none)   M=C:\PROGRAM FILES\BORLAND\CBUILDER5\LIB\RELEASE\VCL50.LIB|Messages ACBP=A9
 0001:00065964 00000038 C=CODE    S=_TEXT    G=(none)   M=C:\PROGRAM FILES\BORLAND\CBUILDER5\LIB\RELEASE\VCL50.LIB|Imm ACBP=A9
 0001:0006599C 00000038 C=CODE    S=_TEXT    G=(none)   M=C:\PROGRAM FILES\BORLAND\CBUILDER5\LIB\RELEASE\VCL50.LIB|Dlgs ACBP=A9
 0001:000659D4 00000038 C=CODE    S=_TEXT    G=(none)   M=C:\PROGRAM FILES\BORLAND\CBUILDER5\LIB\RELEASE\VCL50.LIB|CommDlg ACBP=A9
 0001:00065A0C 00000204 C=CODE    S=_TEXT    G=(none)   M=C:\PROGRAM FILES\BORLAND\CBUILDER5\LIB\RELEASE\VCL50.LIB|CommCtrl ACBP=A9
 0001:00065C10 00000048 C=CODE    S=_TEXT    G=(none)   M=C:\PROGRAM FILES\BORLAND\CBUILDER5\LIB\RELEASE\VCL50.LIB|Math ACBP=A9
 0001:00065C58 000002D8 C=CODE    S=_TEXT    G=(none)   M=C:\PROGRAM FILES\BORLAND\CBUILDER5\LIB\RELEASE\VCL50.LIB|SysConst ACBP=A9
 0001:00065F30 000047F0 C=CODE    S=_TEXT    G=(none)   M=C:\PROGRAM FILES\BORLAND\CBUILDER5\LIB\RELEASE\VCL50.LIB|SysUtils ACBP=A9
 0001:0006A720 0000563C C=CODE    S=_TEXT    G=(none)   M=C:\PROGRAM FILES\BORLAND\CBUILDER5\LIB\RELEASE\VCL50.LIB|System ACBP=A9
 0001:0006FD5C 00000007 C=CODE    S=_TEXT    G=(none)   M=C:\PROGRAM FILES\BORLAND\CBUILDER5\LIB\VCL.LIB|vclstd ACBP=A9
 0001:0006FD64 0000002B C=CODE    S=_TEXT    G=(none)   M=C:\PROGRAM FILES\BORLAND\CBUILDER5\LIB\CP32MT.LIB|calloc ACBP=A9
 0001:0006FD90 0000000F C=CODE    S=_TEXT    G=(none)   M=C:\PROGRAM FILES\BORLAND\CBUILDER5\LIB\CP32MT.LIB|del ACBP=A9
 0001:0006FDA0 0000000F C=CODE    S=_TEXT    G=(none)   M=C:\PROGRAM FILES\BORLAND\CBUILDER5\LIB\CP32MT.LIB|delarray ACBP=A9
 0001:0006FDB0 000001B6 C=CODE    S=_TEXT    G=(none)   M=C:\PROGRAM FILES\BORLAND\CBUILDER5\LIB\CP32MT.LIB|new ACBP=A9
 0001:0006FF68 0000000F C=CODE    S=_TEXT    G=(none)   M=C:\PROGRAM FILES\BORLAND\CBUILDER5\LIB\CP32MT.LIB|newarray ACBP=A9
 0001:0006FF78 000000DB C=CODE    S=_TEXT    G=(none)   M=C:\PROGRAM FILES\BORLAND\CBUILDER5\LIB\CP32MT.LIB|setnew ACBP=A9
 0001:0007004C 000001CD C=CODE    S=_TEXT    G=(none)   M=C:\PROGRAM FILES\BORLAND\CBUILDER5\LIB\CP32MT.LIB|hrdir_b ACBP=A9
 0001:0007021C 0000006F C=CODE    S=_TEXT    G=(none)   M=C:\PROGRAM FILES\BORLAND\CBUILDER5\LIB\CP32MT.LIB|hrdir_bh ACBP=A9
 0001:0007028C 00000020 C=CODE    S=_TEXT    G=(none)   M=C:\PROGRAM FILES\BORLAND\CBUILDER5\LIB\CP32MT.LIB|hrdir_mf ACBP=A9
 0001:000702AC 00000016 C=CODE    S=_TEXT    G=(none)   M=C:\PROGRAM FILES\BORLAND\CBUILDER5\LIB\CP32MT.LIB|hrdir_r ACBP=A9
 0001:000702C4 000000B8 C=CODE    S=_TEXT    G=(none)   M=C:\PROGRAM FILES\BORLAND\CBUILDER5\LIB\CP32MT.LIB|hrdir_s ACBP=A9
 0001:0007037C 00000001 C=CODE    S=_TEXT    G=(none)   M=C:\PROGRAM FILES\BORLAND\CBUILDER5\LIB\CP32MT.LIB|hrdir_us ACBP=A9
 0001:00070380 00000095 C=CODE    S=_TEXT    G=(none)   M=C:\PROGRAM FILES\BORLAND\CBUILDER5\LIB\CP32MT.LIB|pheap ACBP=A9
 0001:00070415 00000042 C=CODE    S=_TEXT    G=(none)   M=C:\PROGRAM FILES\BORLAND\CBUILDER5\LIB\CP32MT.LIB|crtlvcl ACBP=A9
 0001:00070456 0000002F C=CODE    S=_TEXT    G=(none)   M=C:\PROGRAM FILES\BORLAND\CBUILDER5\LIB\CP32MT.LIB|syshook ACBP=A9
 0001:00070488 0000015C C=CODE    S=_TEXT    G=(none)   M=C:\PROGRAM FILES\BORLAND\CBUILDER5\LIB\CP32MT.LIB|predecl ACBP=A9
 0001:000705E4 00000178 C=CODE    S=_TEXT    G=(none)   M=C:\PROGRAM FILES\BORLAND\CBUILDER5\LIB\CP32MT.LIB|stdexcpt ACBP=A9
 0001:000706D8 00000024 C=CODE    S=_TEXT    G=(none)   M=C:\PROGRAM FILES\BORLAND\CBUILDER5\LIB\CP32MT.LIB|memcpy ACBP=A9
 0001:000706FC 0000004A C=CODE    S=_TEXT    G=(none)   M=C:\PROGRAM FILES\BORLAND\CBUILDER5\LIB\CP32MT.LIB|memmove ACBP=A9
 0001:00070748 0000008A C=CODE    S=_TEXT    G=(none)   M=C:\PROGRAM FILES\BORLAND\CBUILDER5\LIB\CP32MT.LIB|memset ACBP=A9
 0001:000707D4 00000018 C=CODE    S=_TEXT    G=(none)   M=C:\PROGRAM FILES\BORLAND\CBUILDER5\LIB\CP32MT.LIB|wmemset ACBP=A9
 0001:000707EC 0000003C C=CODE    S=_TEXT    G=(none)   M=C:\PROGRAM FILES\BORLAND\CBUILDER5\LIB\CP32MT.LIB|strcat ACBP=A9
 0001:00070828 0000005A C=CODE    S=_TEXT    G=(none)   M=C:\PROGRAM FILES\BORLAND\CBUILDER5\LIB\CP32MT.LIB|strlen ACBP=A9
 0001:00070884 0000006E C=CODE    S=_TEXT    G=(none)   M=C:\PROGRAM FILES\BORLAND\CBUILDER5\LIB\CP32MT.LIB|strncat ACBP=A9
 0001:000708F4 00000027 C=CODE    S=_TEXT    G=(none)   M=C:\PROGRAM FILES\BORLAND\CBUILDER5\LIB\CP32MT.LIB|strncmp ACBP=A9
 0001:0007091C 0000006C C=CODE    S=_TEXT    G=(none)   M=C:\PROGRAM FILES\BORLAND\CBUILDER5\LIB\CP32MT.LIB|memcmp ACBP=A9
 0001:00070988 00000032 C=CODE    S=_TEXT    G=(none)   M=C:\PROGRAM FILES\BORLAND\CBUILDER5\LIB\CP32MT.LIB|strdup ACBP=A9
 0001:000709BC 00000047 C=CODE    S=_TEXT    G=(none)   M=C:\PROGRAM FILES\BORLAND\CBUILDER5\LIB\CP32MT.LIB|stricmp ACBP=A9
 0001:00070A04 0000004F C=CODE    S=_TEXT    G=(none)   M=C:\PROGRAM FILES\BORLAND\CBUILDER5\LIB\CP32MT.LIB|strncpy ACBP=A9
 0001:00070A54 0000006E C=CODE    S=_TEXT    G=(none)   M=C:\PROGRAM FILES\BORLAND\CBUILDER5\LIB\CP32MT.LIB|strtok ACBP=A9
 0001:00070AC4 00000018 C=CODE    S=_TEXT    G=(none)   M=C:\PROGRAM FILES\BORLAND\CBUILDER5\LIB\CP32MT.LIB|wcslen ACBP=A9
 0001:00070ADC 0000003F C=CODE    S=_TEXT    G=(none)   M=C:\PROGRAM FILES\BORLAND\CBUILDER5\LIB\CP32MT.LIB|wcscpy ACBP=A9
 0001:00070B1C 00000070 C=CODE    S=_TEXT    G=(none)   M=C:\PROGRAM FILES\BORLAND\CBUILDER5\LIB\CP32MT.LIB|xxa ACBP=A9
 0001:00070B8C 00000A42 C=CODE    S=_TEXT    G=(none)   M=C:\PROGRAM FILES\BORLAND\CBUILDER5\LIB\CP32MT.LIB|xxtype ACBP=A9
 0001:000715CE 000000B6 C=CODE    S=_TEXT    G=(none)   M=C:\PROGRAM FILES\BORLAND\CBUILDER5\LIB\CP32MT.LIB|xxut ACBP=A9
 0001:00071670 0000014B C=CODE    S=_TEXT    G=(none)   M=C:\PROGRAM FILES\BORLAND\CBUILDER5\LIB\CP32MT.LIB|xxv ACBP=A9
 0001:000717BC 0000000A C=CODE    S=_TEXT    G=(none)   M=C:\PROGRAM FILES\BORLAND\CBUILDER5\LIB\CP32MT.LIB|defhandl ACBP=A9
 0001:000717C8 00000179 C=CODE    S=_TEXT    G=(none)   M=C:\PROGRAM FILES\BORLAND\CBUILDER5\LIB\CP32MT.LIB|except ACBP=A9
 0001:00071944 00000046 C=CODE    S=_TEXT    G=(none)   M=C:\PROGRAM FILES\BORLAND\CBUILDER5\LIB\CP32MT.LIB|setexc ACBP=A9
 0001:0007198C 00000022 C=CODE    S=_TEXT    G=(none)   M=C:\PROGRAM FILES\BORLAND\CBUILDER5\LIB\CP32MT.LIB|ta ACBP=A9
 0001:000719B0 00000047 C=CODE    S=_TEXT    G=(none)   M=C:\PROGRAM FILES\BORLAND\CBUILDER5\LIB\CP32MT.LIB|__isatty ACBP=A9
 0001:000719F8 00000084 C=CODE    S=_TEXT    G=(none)   M=C:\PROGRAM FILES\BORLAND\CBUILDER5\LIB\CP32MT.LIB|__lseek ACBP=A9
 0001:00071A7C 00000132 C=CODE    S=_TEXT    G=(none)   M=C:\PROGRAM FILES\BORLAND\CBUILDER5\LIB\CP32MT.LIB|__write ACBP=A9
 0001:00071BB0 00000011 C=CODE    S=_TEXT    G=(none)   M=C:\PROGRAM FILES\BORLAND\CBUILDER5\LIB\CP32MT.LIB|_cfinfo ACBP=A9
 0001:00071BC4 00000042 C=CODE    S=_TEXT    G=(none)   M=C:\PROGRAM FILES\BORLAND\CBUILDER5\LIB\CP32MT.LIB|_flshall ACBP=A9
 0001:00071C08 00000061 C=CODE    S=_TEXT    G=(none)   M=C:\PROGRAM FILES\BORLAND\CBUILDER5\LIB\CP32MT.LIB|_write ACBP=A9
 0001:00071C6C 0000007D C=CODE    S=_TEXT    G=(none)   M=C:\PROGRAM FILES\BORLAND\CBUILDER5\LIB\CP32MT.LIB|allocbuf ACBP=A9
 0001:00071CEC 0000008F C=CODE    S=_TEXT    G=(none)   M=C:\PROGRAM FILES\BORLAND\CBUILDER5\LIB\CP32MT.LIB|fflush ACBP=A9
 0001:00071D7C 00000064 C=CODE    S=_TEXT    G=(none)   M=C:\PROGRAM FILES\BORLAND\CBUILDER5\LIB\CP32MT.LIB|flushout ACBP=A9
 0001:00071DE0 00000023 C=CODE    S=_TEXT    G=(none)   M=C:\PROGRAM FILES\BORLAND\CBUILDER5\LIB\CP32MT.LIB|fmodeptr ACBP=A9
 0001:00071E04 000003EB C=CODE    S=_TEXT    G=(none)   M=C:\PROGRAM FILES\BORLAND\CBUILDER5\LIB\CP32MT.LIB|handles ACBP=A9
 0001:000721F0 0000008A C=CODE    S=_TEXT    G=(none)   M=C:\PROGRAM FILES\BORLAND\CBUILDER5\LIB\CP32MT.LIB|ioerror ACBP=A9
 0001:0007227A 00000083 C=CODE    S=_TEXT    G=(none)   M=C:\PROGRAM FILES\BORLAND\CBUILDER5\LIB\CP32MT.LIB|perror ACBP=A9
 0001:0007227C 00000100 C=CODE    S=_TEXT    G=(none)   M=C:\PROGRAM FILES\BORLAND\CBUILDER5\LIB\CP32MT.LIB|snprntf ACBP=A9
 0001:0007237C 00000270 C=CODE    S=_TEXT    G=(none)   M=C:\PROGRAM FILES\BORLAND\CBUILDER5\LIB\CP32MT.LIB|streams ACBP=A9
 0001:000725EC 000009EC C=CODE    S=_TEXT    G=(none)   M=C:\PROGRAM FILES\BORLAND\CBUILDER5\LIB\CP32MT.LIB|vprinter ACBP=A9
 0001:00072FD8 00000031 C=CODE    S=_TEXT    G=(none)   M=C:\PROGRAM FILES\BORLAND\CBUILDER5\LIB\CP32MT.LIB|xfflush ACBP=A9
 0001:0007300C 00000051 C=CODE    S=_TEXT    G=(none)   M=C:\PROGRAM FILES\BORLAND\CBUILDER5\LIB\CP32MT.LIB|getinfo ACBP=A9
 0001:00073060 00000102 C=CODE    S=_TEXT    G=(none)   M=C:\PROGRAM FILES\BORLAND\CBUILDER5\LIB\CP32MT.LIB|is ACBP=A9
 0001:00073164 00000103 C=CODE    S=_TEXT    G=(none)   M=C:\PROGRAM FILES\BORLAND\CBUILDER5\LIB\CP32MT.LIB|wis ACBP=A9
 0001:00073268 00000043 C=CODE    S=_TEXT    G=(none)   M=C:\PROGRAM FILES\BORLAND\CBUILDER5\LIB\CP32MT.LIB|isctype ACBP=A9
 0001:000732AC 00000055 C=CODE    S=_TEXT    G=(none)   M=C:\PROGRAM FILES\BORLAND\CBUILDER5\LIB\CP32MT.LIB|iswctype ACBP=A9
 0001:00073304 00000054 C=CODE    S=_TEXT    G=(none)   M=C:\PROGRAM FILES\BORLAND\CBUILDER5\LIB\CP32MT.LIB|ltoupper ACBP=A9
 0001:00073358 000004D0 C=CODE    S=_TEXT    G=(none)   M=C:\PROGRAM FILES\BORLAND\CBUILDER5\LIB\CP32MT.LIB|mbyte1 ACBP=A9
 0001:00073828 00000200 C=CODE    S=_TEXT    G=(none)   M=C:\PROGRAM FILES\BORLAND\CBUILDER5\LIB\CP32MT.LIB|_ll ACBP=A9
 0001:00073A28 000000B0 C=CODE    S=_TEXT    G=(none)   M=C:\PROGRAM FILES\BORLAND\CBUILDER5\LIB\CP32MT.LIB|_matherr ACBP=A9
 0001:00073AD8 00000188 C=CODE    S=_TEXT    G=(none)   M=C:\PROGRAM FILES\BORLAND\CBUILDER5\LIB\CP32MT.LIB|_pow10 ACBP=A9
 0001:00073C60 00000077 C=CODE    S=_TEXT    G=(none)   M=C:\PROGRAM FILES\BORLAND\CBUILDER5\LIB\CP32MT.LIB|atol ACBP=A9
 0001:00073CD8 0000001C C=CODE    S=_TEXT    G=(none)   M=C:\PROGRAM FILES\BORLAND\CBUILDER5\LIB\CP32MT.LIB|ceil ACBP=A9
 0001:00073CF4 00000013 C=CODE    S=_TEXT    G=(none)   M=C:\PROGRAM FILES\BORLAND\CBUILDER5\LIB\CP32MT.LIB|clear87 ACBP=A9
 0001:00073D08 0000003F C=CODE    S=_TEXT    G=(none)   M=C:\PROGRAM FILES\BORLAND\CBUILDER5\LIB\CP32MT.LIB|cos ACBP=A9
 0001:00073D48 0000002F C=CODE    S=_TEXT    G=(none)   M=C:\PROGRAM FILES\BORLAND\CBUILDER5\LIB\CP32MT.LIB|ctrl87 ACBP=A9
 0001:00073D78 00000018 C=CODE    S=_TEXT    G=(none)   M=C:\PROGRAM FILES\BORLAND\CBUILDER5\LIB\CP32MT.LIB|cvtentry ACBP=A9
 0001:00073D90 00000018 C=CODE    S=_TEXT    G=(none)   M=C:\PROGRAM FILES\BORLAND\CBUILDER5\LIB\CP32MT.LIB|cvtfak ACBP=A9
 0001:00073DA8 00000018 C=CODE    S=_TEXT    G=(none)   M=C:\PROGRAM FILES\BORLAND\CBUILDER5\LIB\CP32MT.LIB|cvtfakw ACBP=A9
 0001:00073DC0 0000001C C=CODE    S=_TEXT    G=(none)   M=C:\PROGRAM FILES\BORLAND\CBUILDER5\LIB\CP32MT.LIB|floor ACBP=A9
 0001:00073DDC 00000016 C=CODE    S=_TEXT    G=(none)   M=C:\PROGRAM FILES\BORLAND\CBUILDER5\LIB\CP32MT.LIB|fpreset ACBP=A9
 0001:00073DF4 00000028 C=CODE    S=_TEXT    G=(none)   M=C:\PROGRAM FILES\BORLAND\CBUILDER5\LIB\CP32MT.LIB|ftol ACBP=A9
 0001:00073E1C 0000002D C=CODE    S=_TEXT    G=(none)   M=C:\PROGRAM FILES\BORLAND\CBUILDER5\LIB\CP32MT.LIB|fuildq ACBP=A9
 0001:00073E4C 00000021 C=CODE    S=_TEXT    G=(none)   M=C:\PROGRAM FILES\BORLAND\CBUILDER5\LIB\CP32MT.LIB|fuistq ACBP=A9
 0001:00073E70 00000011 C=CODE    S=_TEXT    G=(none)   M=C:\PROGRAM FILES\BORLAND\CBUILDER5\LIB\CP32MT.LIB|fxam ACBP=A9
 0001:00073E84 000000B1 C=CODE    S=_TEXT    G=(none)   M=C:\PROGRAM FILES\BORLAND\CBUILDER5\LIB\CP32MT.LIB|int64toa ACBP=A9
 0001:00073F38 00000118 C=CODE    S=_TEXT    G=(none)   M=C:\PROGRAM FILES\BORLAND\CBUILDER5\LIB\CP32MT.LIB|ldtrunc ACBP=A9
 0001:00074050 0000008F C=CODE    S=_TEXT    G=(none)   M=C:\PROGRAM FILES\BORLAND\CBUILDER5\LIB\CP32MT.LIB|longtoa ACBP=A9
 0001:000740E0 0000002A C=CODE    S=_TEXT    G=(none)   M=C:\PROGRAM FILES\BORLAND\CBUILDER5\LIB\CP32MT.LIB|matherr ACBP=A9
 0001:0007410C 0000002E C=CODE    S=_TEXT    G=(none)   M=C:\PROGRAM FILES\BORLAND\CBUILDER5\LIB\CP32MT.LIB|matherrl ACBP=A9
 0001:0007413C 00000016 C=CODE    S=_TEXT    G=(none)   M=C:\PROGRAM FILES\BORLAND\CBUILDER5\LIB\CP32MT.LIB|mathptr ACBP=A9
 0001:00074154 00000025 C=CODE    S=_TEXT    G=(none)   M=C:\PROGRAM FILES\BORLAND\CBUILDER5\LIB\CP32MT.LIB|qdiv10 ACBP=A9
 0001:0007417C 0000002E C=CODE    S=_TEXT    G=(none)   M=C:\PROGRAM FILES\BORLAND\CBUILDER5\LIB\CP32MT.LIB|qmul10 ACBP=A9
 0001:000741AC 000002F9 C=CODE    S=_TEXT    G=(none)   M=C:\PROGRAM FILES\BORLAND\CBUILDER5\LIB\CP32MT.LIB|realcvt ACBP=A9
 0001:000744A8 00000331 C=CODE    S=_TEXT    G=(none)   M=C:\PROGRAM FILES\BORLAND\CBUILDER5\LIB\CP32MT.LIB|realcvtw ACBP=A9
 0001:000747DC 0000002C C=CODE    S=_TEXT    G=(none)   M=C:\PROGRAM FILES\BORLAND\CBUILDER5\LIB\CP32MT.LIB|round ACBP=A9
 0001:00074808 000004E1 C=CODE    S=_TEXT    G=(none)   M=C:\PROGRAM FILES\BORLAND\CBUILDER5\LIB\CP32MT.LIB|scantod ACBP=A9
 0001:00074CEC 000004DD C=CODE    S=_TEXT    G=(none)   M=C:\PROGRAM FILES\BORLAND\CBUILDER5\LIB\CP32MT.LIB|scanwtod ACBP=A9
 0001:000751CC 0000003F C=CODE    S=_TEXT    G=(none)   M=C:\PROGRAM FILES\BORLAND\CBUILDER5\LIB\CP32MT.LIB|sin ACBP=A9
 0001:0007520C 000002D2 C=CODE    S=_TEXT    G=(none)   M=C:\PROGRAM FILES\BORLAND\CBUILDER5\LIB\CP32MT.LIB|xcvt ACBP=A9
 0001:000754E0 000002F1 C=CODE    S=_TEXT    G=(none)   M=C:\PROGRAM FILES\BORLAND\CBUILDER5\LIB\CP32MT.LIB|xcvtw ACBP=A9
 0001:000757D4 00000139 C=CODE    S=_TEXT    G=(none)   M=C:\PROGRAM FILES\BORLAND\CBUILDER5\LIB\CP32MT.LIB|mbctype ACBP=A9
 0001:00075910 0000001A C=CODE    S=_TEXT    G=(none)   M=C:\PROGRAM FILES\BORLAND\CBUILDER5\LIB\CP32MT.LIB|mbisspc ACBP=A9
 0001:0007592C 00000056 C=CODE    S=_TEXT    G=(none)   M=C:\PROGRAM FILES\BORLAND\CBUILDER5\LIB\CP32MT.LIB|mbsrchr ACBP=A9
 0001:00075984 000000A6 C=CODE    S=_TEXT    G=(none)   M=C:\PROGRAM FILES\BORLAND\CBUILDER5\LIB\CP32MT.LIB|assert ACBP=A9
 0001:00075A2C 000000B8 C=CODE    S=_TEXT    G=(none)   M=C:\PROGRAM FILES\BORLAND\CBUILDER5\LIB\CP32MT.LIB|ermsghlp ACBP=A9
 0001:00075AE4 0000001E C=CODE    S=_TEXT    G=(none)   M=C:\PROGRAM FILES\BORLAND\CBUILDER5\LIB\CP32MT.LIB|errno ACBP=A9
 0001:00075B04 0000019B C=CODE    S=_TEXT    G=(none)   M=C:\PROGRAM FILES\BORLAND\CBUILDER5\LIB\CP32MT.LIB|errormsg ACBP=A9
 0001:00075CA0 00000022 C=CODE    S=_TEXT    G=(none)   M=C:\PROGRAM FILES\BORLAND\CBUILDER5\LIB\CP32MT.LIB|abort ACBP=A9
 0001:00075CC4 000000BF C=CODE    S=_TEXT    G=(none)   M=C:\PROGRAM FILES\BORLAND\CBUILDER5\LIB\CP32MT.LIB|exit ACBP=A9
 0001:00075D84 0000001A C=CODE    S=_TEXT    G=(none)   M=C:\PROGRAM FILES\BORLAND\CBUILDER5\LIB\CP32MT.LIB|initwild ACBP=A9
 0001:00075DA0 00000011 C=CODE    S=_TEXT    G=(none)   M=C:\PROGRAM FILES\BORLAND\CBUILDER5\LIB\CP32MT.LIB|exparg ACBP=A9
 0001:00075DB4 00000011 C=CODE    S=_TEXT    G=(none)   M=C:\PROGRAM FILES\BORLAND\CBUILDER5\LIB\CP32MT.LIB|wexparg ACBP=A9
 0001:00075DC8 00000027 C=CODE    S=_TEXT    G=(none)   M=C:\PROGRAM FILES\BORLAND\CBUILDER5\LIB\CP32MT.LIB|initargv ACBP=A9
 0001:00075DF0 0000016C C=CODE    S=_TEXT    G=(none)   M=C:\PROGRAM FILES\BORLAND\CBUILDER5\LIB\CP32MT.LIB|setargv ACBP=A9
 0001:00075F5C 000001E5 C=CODE    S=_TEXT    G=(none)   M=C:\PROGRAM FILES\BORLAND\CBUILDER5\LIB\CP32MT.LIB|hsargv ACBP=A9
 0001:00076144 00000227 C=CODE    S=_TEXT    G=(none)   M=C:\PROGRAM FILES\BORLAND\CBUILDER5\LIB\CP32MT.LIB|whsargv ACBP=A9
 0001:0007636C 00000045 C=CODE    S=_TEXT    G=(none)   M=C:\PROGRAM FILES\BORLAND\CBUILDER5\LIB\CP32MT.LIB|setargv0 ACBP=A9
 0001:000763B4 000001D2 C=CODE    S=_TEXT    G=(none)   M=C:\PROGRAM FILES\BORLAND\CBUILDER5\LIB\CP32MT.LIB|setenvp ACBP=A9
 0001:00076588 00000388 C=CODE    S=_TEXT    G=(none)   M=C:\PROGRAM FILES\BORLAND\CBUILDER5\LIB\CP32MT.LIB|signal ACBP=A9
 0001:00076910 0000018B C=CODE    S=_TEXT    G=(none)   M=C:\PROGRAM FILES\BORLAND\CBUILDER5\LIB\CP32MT.LIB|initexit ACBP=A9
 0001:00076A9C 000001A4 C=CODE    S=_TEXT    G=(none)   M=C:\PROGRAM FILES\BORLAND\CBUILDER5\LIB\CP32MT.LIB|startup ACBP=A9
 0001:00076C40 00000067 C=CODE    S=_TEXT    G=(none)   M=C:\PROGRAM FILES\BORLAND\CBUILDER5\LIB\CP32MT.LIB|tls ACBP=A9
 0001:00076CA8 0000004F C=CODE    S=_TEXT    G=(none)   M=C:\PROGRAM FILES\BORLAND\CBUILDER5\LIB\CP32MT.LIB|tlsstat ACBP=A9
 0001:00076CF8 000001C7 C=CODE    S=_TEXT    G=(none)   M=C:\PROGRAM FILES\BORLAND\CBUILDER5\LIB\CP32MT.LIB|thrddata ACBP=A9
 0001:00076EC0 000000D5 C=CODE    S=_TEXT    G=(none)   M=C:\PROGRAM FILES\BORLAND\CBUILDER5\LIB\CP32MT.LIB|_lock ACBP=A9
 0001:00076F98 00003CF0 C=CODE    S=_TEXT    G=(none)   M=C:\PROGRAM FILES\BORLAND\CBUILDER5\LIB\CP32MT.LIB|xx ACBP=A9
 0001:0007AC3C 00000022 C=CODE    S=_TEXT    G=(none)   M=C:\PROGRAM FILES\BORLAND\CBUILDER5\LIB\RELEASE\VCLE50.LIB|_t_Contr ACBP=A9
 0001:0007AC59 0000000D C=CODE    S=_TEXT    G=(none)   M=C:\PROGRAM FILES\BORLAND\CBUILDER5\LIB\RELEASE\VCLE50.LIB|_t_Forms ACBP=A9
 0001:0007AC61 0000000D C=CODE    S=_TEXT    G=(none)   M=C:\PROGRAM FILES\BORLAND\CBUILDER5\LIB\RELEASE\VCLE50.LIB|_t_Graph ACBP=A9
 0001:0007AC69 0000096F C=CODE    S=_TEXT    G=(none)   M=C:\PROGRAM FILES\BORLAND\CBUILDER5\LIB\RELEASE\VCLE50.LIB|dstring ACBP=A9
 0001:0007B58C 000000CF C=CODE    S=_TEXT    G=(none)   M=C:\PROGRAM FILES\BORLAND\CBUILDER5\LIB\RELEASE\VCLE50.LIB|syssupp ACBP=A9
 0001:0007B60B 00000157 C=CODE    S=_TEXT    G=(none)   M=C:\PROGRAM FILES\BORLAND\CBUILDER5\LIB\RELEASE\VCLE50.LIB|vclinit ACBP=A9
 0001:0007B714 00000031 C=CODE    S=_TEXT    G=(none)   M=C:\PROGRAM FILES\BORLAND\CBUILDER5\LIB\RELEASE\VCLE50.LIB|classcre ACBP=A9
 0001:0007B745 000015DB C=CODE    S=_TEXT    G=(none)   M=C:\PROGRAM FILES\BORLAND\CBUILDER5\LIB\BCBSMP50.LIB|.\CCALENDR.CPP ACBP=A9
 0001:0007CD20 00002218 C=CODE    S=_TEXT    G=(none)   M=C:\PROGRAM FILES\BORLAND\CBUILDER5\LIB\BCBSMP50.LIB|.\piereg.cpp ACBP=A9
 0002:0000038C 000000A4 C=DATA    S=_DATA    G=DGROUP   M=C:\PROGRAM FILES\BORLAND\CBUILDER5\LIB\C0W32.OBJ ACBP=A9
 0002:00000430 0000002C C=DATA    S=_DATA    G=DGROUP   M=C:\PROGRAM FILES\BORLAND\CBUILDER5\LIB\OBJ\SYSINIT.OBJ ACBP=A9
 0002:0000044C 00000080 C=DATA    S=_DATA    G=DGROUP   M=D:\STASIEK\MY PROJECTS\OBSOLETE\PROGS\PANEL.VCL\RESIZER.OBJ ACBP=A9
 0002:000004CC 000007A8 C=DATA    S=_DATA    G=DGROUP   M=D:\STASIEK\MY PROJECTS\OBSOLETE\PROGS\PANEL.VCL\UNIT1.OBJ ACBP=A9
 0002:00000C74 0000048C C=DATA    S=_DATA    G=DGROUP   M=D:\STASIEK\MY PROJECTS\OBSOLETE\FORM_TEMPLATES\ABOUT_FRM.OBJ ACBP=A9
 0002:000010EC 0000021C C=DATA    S=_DATA    G=DGROUP   M=C:\PROGRAM FILES\BORLAND\CBUILDER5\LIB\DCLUSR50.LIB|C:\Program Files\Borland\CBuilder5\Projects\OBSOLETE\PACKAGES\ADVBAR.CPP ACBP=A9
 0002:00001308 0000021A C=DATA    S=_DATA    G=DGROUP   M=C:\PROGRAM FILES\BORLAND\CBUILDER5\LIB\DCLUSR50.LIB|C:\Program Files\Borland\CBuilder5\Projects\OBSOLETE\PACKAGES\BROWSEDLG.cpp ACBP=A9
 0002:00001504 00000217 C=DATA    S=_DATA    G=DGROUP   M=C:\PROGRAM FILES\BORLAND\CBUILDER5\LIB\DCLUSR50.LIB|C:\Program Files\Borland\CBuilder5\Projects\OBSOLETE\PACKAGES\EXEDLG.CPP ACBP=A9
 0002:000016FC 00000914 C=DATA    S=_DATA    G=DGROUP   M=C:\PROGRAM FILES\BORLAND\CBUILDER5\LIB\DCLUSR50.LIB|C:\Program Files\Borland\CBuilder5\Projects\OBSOLETE\PACKAGES\EXEINFO.CPP ACBP=A9
 0002:00001FF0 000001BD C=DATA    S=_DATA    G=DGROUP   M=C:\PROGRAM FILES\BORLAND\CBUILDER5\LIB\DCLUSR50.LIB|C:\Program Files\Borland\CBuilder5\Projects\OBSOLETE\PACKAGES\EXERES.CPP ACBP=A9
 0002:00002190 00000173 C=DATA    S=_DATA    G=DGROUP   M=C:\PROGRAM FILES\BORLAND\CBUILDER5\LIB\DCLUSR50.LIB|C:\Program Files\Borland\CBuilder5\Projects\OBSOLETE\PACKAGES\FRAMEPAN.CPP ACBP=A9
 0002:000022E4 00000CDC C=DATA    S=_DATA    G=DGROUP   M=C:\PROGRAM FILES\BORLAND\CBUILDER5\LIB\DCLUSR50.LIB|C:\Program Files\Borland\CBuilder5\Projects\OBSOLETE\PACKAGES\HINTBOX.CPP ACBP=A9
 0002:00002FAC 00000010 C=DATA    S=_DATA    G=DGROUP   M=C:\PROGRAM FILES\BORLAND\CBUILDER5\LIB\RELEASE\VCL50.LIB|UrlMon ACBP=A9
 0002:00002FAC 00000004 C=DATA    S=_DATA    G=DGROUP   M=C:\PROGRAM FILES\BORLAND\CBUILDER5\LIB\RELEASE\VCL50.LIB|StdActns ACBP=A9
 0002:00002FAC 0000002C C=DATA    S=_DATA    G=DGROUP   M=C:\PROGRAM FILES\BORLAND\CBUILDER5\LIB\RELEASE\VCL50.LIB|ImgList ACBP=A9
 0002:00002FCC 00000004 C=DATA    S=_DATA    G=DGROUP   M=C:\PROGRAM FILES\BORLAND\CBUILDER5\LIB\RELEASE\VCL50.LIB|ActnList ACBP=A9
 0002:00002FCC 000000B0 C=DATA    S=_DATA    G=DGROUP   M=C:\PROGRAM FILES\BORLAND\CBUILDER5\LIB\RELEASE\VCL50.LIB|DsgnIntf ACBP=A9
 0002:00003078 00000020 C=DATA    S=_DATA    G=DGROUP   M=C:\PROGRAM FILES\BORLAND\CBUILDER5\LIB\RELEASE\VCL50.LIB|ToolWin ACBP=A9
 0002:00003098 00000010 C=DATA    S=_DATA    G=DGROUP   M=C:\PROGRAM FILES\BORLAND\CBUILDER5\LIB\RELEASE\VCL50.LIB|TypInfo ACBP=A9
 0002:000030A8 000000B4 C=DATA    S=_DATA    G=DGROUP   M=C:\PROGRAM FILES\BORLAND\CBUILDER5\LIB\RELEASE\VCL50.LIB|StdCtrls ACBP=A9
 0002:00003150 00000008 C=DATA    S=_DATA    G=DGROUP   M=C:\PROGRAM FILES\BORLAND\CBUILDER5\LIB\RELEASE\VCL50.LIB|Registry ACBP=A9
 0002:00003158 0000000C C=DATA    S=_DATA    G=DGROUP   M=C:\PROGRAM FILES\BORLAND\CBUILDER5\LIB\RELEASE\VCL50.LIB|Printers ACBP=A9
 0002:0000315C 000000EC C=DATA    S=_DATA    G=DGROUP   M=C:\PROGRAM FILES\BORLAND\CBUILDER5\LIB\RELEASE\VCL50.LIB|Menus ACBP=A9
 0002:00003248 00000010 C=DATA    S=_DATA    G=DGROUP   M=C:\PROGRAM FILES\BORLAND\CBUILDER5\LIB\RELEASE\VCL50.LIB|Mask ACBP=A9
 0002:00003258 00000008 C=DATA    S=_DATA    G=DGROUP   M=C:\PROGRAM FILES\BORLAND\CBUILDER5\LIB\RELEASE\VCL50.LIB|Inifiles ACBP=A9
 0002:00003260 00000002 C=DATA    S=_DATA    G=DGROUP   M=C:\PROGRAM FILES\BORLAND\CBUILDER5\LIB\RELEASE\VCL50.LIB|Grids ACBP=A9
 0002:00003260 000002B4 C=DATA    S=_DATA    G=DGROUP   M=C:\PROGRAM FILES\BORLAND\CBUILDER5\LIB\RELEASE\VCL50.LIB|Graphics ACBP=A9
 0002:00003514 0000013C C=DATA    S=_DATA    G=DGROUP   M=C:\PROGRAM FILES\BORLAND\CBUILDER5\LIB\RELEASE\VCL50.LIB|Forms ACBP=A9
 0002:00003650 00000024 C=DATA    S=_DATA    G=DGROUP   M=C:\PROGRAM FILES\BORLAND\CBUILDER5\LIB\RELEASE\VCL50.LIB|ExtCtrls ACBP=A9
 0002:00003664 000000B0 C=DATA    S=_DATA    G=DGROUP   M=C:\PROGRAM FILES\BORLAND\CBUILDER5\LIB\RELEASE\VCL50.LIB|Dialogs ACBP=A9
 0002:00003714 0000012C C=DATA    S=_DATA    G=DGROUP   M=C:\PROGRAM FILES\BORLAND\CBUILDER5\LIB\RELEASE\VCL50.LIB|Controls ACBP=A9
 0002:00003840 0000008D C=DATA    S=_DATA    G=DGROUP   M=C:\PROGRAM FILES\BORLAND\CBUILDER5\LIB\RELEASE\VCL50.LIB|ComCtrls ACBP=A9
 0002:000038C8 0000008C C=DATA    S=_DATA    G=DGROUP   M=C:\PROGRAM FILES\BORLAND\CBUILDER5\LIB\RELEASE\VCL50.LIB|Classes ACBP=A9
 0002:00003938 00000046 C=DATA    S=_DATA    G=DGROUP   M=C:\PROGRAM FILES\BORLAND\CBUILDER5\LIB\RELEASE\VCL50.LIB|Buttons ACBP=A9
 0002:0000397E 00000010 C=DATA    S=_DATA    G=DGROUP   M=C:\PROGRAM FILES\BORLAND\CBUILDER5\LIB\RELEASE\VCL50.LIB|Windows ACBP=A9
 0002:0000397E 00000010 C=DATA    S=_DATA    G=DGROUP   M=C:\PROGRAM FILES\BORLAND\CBUILDER5\LIB\RELEASE\VCL50.LIB|ShlObj ACBP=A9
 0002:0000397E 00000010 C=DATA    S=_DATA    G=DGROUP   M=C:\PROGRAM FILES\BORLAND\CBUILDER5\LIB\RELEASE\VCL50.LIB|ActiveX ACBP=A9
 0002:0000397E 00000008 C=DATA    S=_DATA    G=DGROUP   M=C:\PROGRAM FILES\BORLAND\CBUILDER5\LIB\RELEASE\VCL50.LIB|Math ACBP=A9
 0002:00003980 00000234 C=DATA    S=_DATA    G=DGROUP   M=C:\PROGRAM FILES\BORLAND\CBUILDER5\LIB\RELEASE\VCL50.LIB|SysUtils ACBP=A9
 0002:00003BA8 000000A8 C=DATA    S=_DATA    G=DGROUP   M=C:\PROGRAM FILES\BORLAND\CBUILDER5\LIB\RELEASE\VCL50.LIB|System ACBP=A9
 0002:00003C4C 00000070 C=DATA    S=_DATA    G=DGROUP   M=C:\PROGRAM FILES\BORLAND\CBUILDER5\LIB\CP32MT.LIB|new ACBP=A9
 0002:00003CBC 00000088 C=DATA    S=_DATA    G=DGROUP   M=C:\PROGRAM FILES\BORLAND\CBUILDER5\LIB\CP32MT.LIB|setnew ACBP=A9
 0002:00003D30 00000160 C=DATA    S=_DATA    G=DGROUP   M=C:\PROGRAM FILES\BORLAND\CBUILDER5\LIB\CP32MT.LIB|hrdir_b ACBP=A9
 0002:00003E90 00000020 C=DATA    S=_DATA    G=DGROUP   M=C:\PROGRAM FILES\BORLAND\CBUILDER5\LIB\CP32MT.LIB|hrdir_s ACBP=A9
 0002:00003EB0 00000038 C=DATA    S=_DATA    G=DGROUP   M=C:\PROGRAM FILES\BORLAND\CBUILDER5\LIB\CP32MT.LIB|predecl ACBP=A9
 0002:00003EE8 000000CD C=DATA    S=_DATA    G=DGROUP   M=C:\PROGRAM FILES\BORLAND\CBUILDER5\LIB\CP32MT.LIB|stdexcpt ACBP=A9
 0002:00003FB4 00000004 C=DATA    S=_DATA    G=DGROUP   M=C:\PROGRAM FILES\BORLAND\CBUILDER5\LIB\CP32MT.LIB|xx_xpf ACBP=A9
 0002:00003FB8 00000340 C=DATA    S=_DATA    G=DGROUP   M=C:\PROGRAM FILES\BORLAND\CBUILDER5\LIB\CP32MT.LIB|xxtype ACBP=A9
 0002:000042F8 0000003C C=DATA    S=_DATA    G=DGROUP   M=C:\PROGRAM FILES\BORLAND\CBUILDER5\LIB\CP32MT.LIB|xxut ACBP=A9
 0002:00004334 000000E4 C=DATA    S=_DATA    G=DGROUP   M=C:\PROGRAM FILES\BORLAND\CBUILDER5\LIB\CP32MT.LIB|xxv ACBP=A9
 0002:00004418 00000014 C=DATA    S=_DATA    G=DGROUP   M=C:\PROGRAM FILES\BORLAND\CBUILDER5\LIB\CP32MT.LIB|except ACBP=A9
 0002:0000442C 00000004 C=DATA    S=_DATA    G=DGROUP   M=C:\PROGRAM FILES\BORLAND\CBUILDER5\LIB\CP32MT.LIB|_cfinfo ACBP=A9
 0002:00004430 00000004 C=DATA    S=_DATA    G=DGROUP   M=C:\PROGRAM FILES\BORLAND\CBUILDER5\LIB\CP32MT.LIB|cfinfo ACBP=A9
 0002:00004434 000004B0 C=DATA    S=_DATA    G=DGROUP   M=C:\PROGRAM FILES\BORLAND\CBUILDER5\LIB\CP32MT.LIB|files ACBP=A9
 0002:000048E4 000000CC C=DATA    S=_DATA    G=DGROUP   M=C:\PROGRAM FILES\BORLAND\CBUILDER5\LIB\CP32MT.LIB|files2 ACBP=A9
 0002:000049B0 00000004 C=DATA    S=_DATA    G=DGROUP   M=C:\PROGRAM FILES\BORLAND\CBUILDER5\LIB\CP32MT.LIB|fmode ACBP=A9
 0002:000049B4 00000004 C=DATA    S=_DATA    G=DGROUP   M=C:\PROGRAM FILES\BORLAND\CBUILDER5\LIB\CP32MT.LIB|fmodeptr ACBP=A9
 0002:000049B8 00000064 C=DATA    S=_DATA    G=DGROUP   M=C:\PROGRAM FILES\BORLAND\CBUILDER5\LIB\CP32MT.LIB|handles ACBP=A9
 0002:00004A1C 0000012B C=DATA    S=_DATA    G=DGROUP   M=C:\PROGRAM FILES\BORLAND\CBUILDER5\LIB\CP32MT.LIB|ioerror ACBP=A9
 0002:00004B48 0000047C C=DATA    S=_DATA    G=DGROUP   M=C:\PROGRAM FILES\BORLAND\CBUILDER5\LIB\CP32MT.LIB|perror ACBP=A9
 0002:00004FC4 00000068 C=DATA    S=_DATA    G=DGROUP   M=C:\PROGRAM FILES\BORLAND\CBUILDER5\LIB\CP32MT.LIB|streams ACBP=A9
 0002:0000502C 00000076 C=DATA    S=_DATA    G=DGROUP   M=C:\PROGRAM FILES\BORLAND\CBUILDER5\LIB\CP32MT.LIB|vprinter ACBP=A9
 0002:000050A4 00000202 C=DATA    S=_DATA    G=DGROUP   M=C:\PROGRAM FILES\BORLAND\CBUILDER5\LIB\CP32MT.LIB|bigctype ACBP=A9
 0002:000052A8 00000100 C=DATA    S=_DATA    G=DGROUP   M=C:\PROGRAM FILES\BORLAND\CBUILDER5\LIB\CP32MT.LIB|cupper ACBP=A9
 0002:000053A8 00000260 C=DATA    S=_DATA    G=DGROUP   M=C:\PROGRAM FILES\BORLAND\CBUILDER5\LIB\CP32MT.LIB|clocale ACBP=A9
 0002:00005608 00000010 C=DATA    S=_DATA    G=DGROUP   M=C:\PROGRAM FILES\BORLAND\CBUILDER5\LIB\CP32MT.LIB|_matherr ACBP=A9
 0002:00005618 000000C0 C=DATA    S=_DATA    G=DGROUP   M=C:\PROGRAM FILES\BORLAND\CBUILDER5\LIB\CP32MT.LIB|_pow10 ACBP=A9
 0002:000056D8 0000000C C=DATA    S=_DATA    G=DGROUP   M=C:\PROGRAM FILES\BORLAND\CBUILDER5\LIB\CP32MT.LIB|cos ACBP=A9
 0002:000056E4 00000068 C=DATA    S=_DATA    G=DGROUP   M=C:\PROGRAM FILES\BORLAND\CBUILDER5\LIB\CP32MT.LIB|cvtfak ACBP=A9
 0002:0000574C 00000068 C=DATA    S=_DATA    G=DGROUP   M=C:\PROGRAM FILES\BORLAND\CBUILDER5\LIB\CP32MT.LIB|cvtfakw ACBP=A9
 0002:000057B4 00000004 C=DATA    S=_DATA    G=DGROUP   M=C:\PROGRAM FILES\BORLAND\CBUILDER5\LIB\CP32MT.LIB|deflt87 ACBP=A9
 0002:000057B8 0000007C C=DATA    S=_DATA    G=DGROUP   M=C:\PROGRAM FILES\BORLAND\CBUILDER5\LIB\CP32MT.LIB|hugeval ACBP=A9
 0002:00005834 00000008 C=DATA    S=_DATA    G=DGROUP   M=C:\PROGRAM FILES\BORLAND\CBUILDER5\LIB\CP32MT.LIB|initcvt ACBP=A9
 0002:0000583C 00000008 C=DATA    S=_DATA    G=DGROUP   M=C:\PROGRAM FILES\BORLAND\CBUILDER5\LIB\CP32MT.LIB|mathptr ACBP=A9
 0002:00005844 00000044 C=DATA    S=_DATA    G=DGROUP   M=C:\PROGRAM FILES\BORLAND\CBUILDER5\LIB\CP32MT.LIB|mathwhy ACBP=A9
 0002:00005888 00000014 C=DATA    S=_DATA    G=DGROUP   M=C:\PROGRAM FILES\BORLAND\CBUILDER5\LIB\CP32MT.LIB|realcvt ACBP=A9
 0002:0000589C 00000028 C=DATA    S=_DATA    G=DGROUP   M=C:\PROGRAM FILES\BORLAND\CBUILDER5\LIB\CP32MT.LIB|realcvtw ACBP=A9
 0002:000058C4 00000028 C=DATA    S=_DATA    G=DGROUP   M=C:\PROGRAM FILES\BORLAND\CBUILDER5\LIB\CP32MT.LIB|scantod ACBP=A9
 0002:000058EC 00000028 C=DATA    S=_DATA    G=DGROUP   M=C:\PROGRAM FILES\BORLAND\CBUILDER5\LIB\CP32MT.LIB|scanwtod ACBP=A9
 0002:00005914 0000000C C=DATA    S=_DATA    G=DGROUP   M=C:\PROGRAM FILES\BORLAND\CBUILDER5\LIB\CP32MT.LIB|sin ACBP=A9
 0002:00005920 00000048 C=DATA    S=_DATA    G=DGROUP   M=C:\PROGRAM FILES\BORLAND\CBUILDER5\LIB\CP32MT.LIB|mbctype ACBP=A9
 0002:00005968 00000024 C=DATA    S=_DATA    G=DGROUP   M=C:\PROGRAM FILES\BORLAND\CBUILDER5\LIB\CP32MT.LIB|assert ACBP=A9
 0002:0000598C 00000024 C=DATA    S=_DATA    G=DGROUP   M=C:\PROGRAM FILES\BORLAND\CBUILDER5\LIB\CP32MT.LIB|ermsghlp ACBP=A9
 0002:000059B0 00000010 C=DATA    S=_DATA    G=DGROUP   M=C:\PROGRAM FILES\BORLAND\CBUILDER5\LIB\CP32MT.LIB|errormsg ACBP=A9
 0002:000059C0 00000020 C=DATA    S=_DATA    G=DGROUP   M=C:\PROGRAM FILES\BORLAND\CBUILDER5\LIB\CP32MT.LIB|abort ACBP=A9
 0002:000059E0 00000004 C=DATA    S=_DATA    G=DGROUP   M=C:\PROGRAM FILES\BORLAND\CBUILDER5\LIB\CP32MT.LIB|patexit ACBP=A9
 0002:000059E4 0000000C C=DATA    S=_DATA    G=DGROUP   M=C:\PROGRAM FILES\BORLAND\CBUILDER5\LIB\CP32MT.LIB|exit ACBP=A9
 0002:000059F0 00000008 C=DATA    S=_DATA    G=DGROUP   M=C:\PROGRAM FILES\BORLAND\CBUILDER5\LIB\CP32MT.LIB|saptr ACBP=A9
 0002:000059F8 00000008 C=DATA    S=_DATA    G=DGROUP   M=C:\PROGRAM FILES\BORLAND\CBUILDER5\LIB\CP32MT.LIB|wsaptr ACBP=A9
 0002:00005A00 00000054 C=DATA    S=_DATA    G=DGROUP   M=C:\PROGRAM FILES\BORLAND\CBUILDER5\LIB\CP32MT.LIB|setargv ACBP=A9
 0002:00005A54 00000028 C=DATA    S=_DATA    G=DGROUP   M=C:\PROGRAM FILES\BORLAND\CBUILDER5\LIB\CP32MT.LIB|hsargv ACBP=A9
 0002:00005A7C 00000024 C=DATA    S=_DATA    G=DGROUP   M=C:\PROGRAM FILES\BORLAND\CBUILDER5\LIB\CP32MT.LIB|whsargv ACBP=A9
 0002:00005AA0 00000004 C=DATA    S=_DATA    G=DGROUP   M=C:\PROGRAM FILES\BORLAND\CBUILDER5\LIB\CP32MT.LIB|wildptr ACBP=A9
 0002:00005AA4 00000004 C=DATA    S=_DATA    G=DGROUP   M=C:\PROGRAM FILES\BORLAND\CBUILDER5\LIB\CP32MT.LIB|wwildptr ACBP=A9
 0002:00005AA8 00000020 C=DATA    S=_DATA    G=DGROUP   M=C:\PROGRAM FILES\BORLAND\CBUILDER5\LIB\CP32MT.LIB|setargv0 ACBP=A9
 0002:00005AC8 0000006C C=DATA    S=_DATA    G=DGROUP   M=C:\PROGRAM FILES\BORLAND\CBUILDER5\LIB\CP32MT.LIB|setenvp ACBP=A9
 0002:00005B34 0000005E C=DATA    S=_DATA    G=DGROUP   M=C:\PROGRAM FILES\BORLAND\CBUILDER5\LIB\CP32MT.LIB|signal ACBP=A9
 0002:00005B94 00000004 C=DATA    S=_DATA    G=DGROUP   M=C:\PROGRAM FILES\BORLAND\CBUILDER5\LIB\CP32MT.LIB|globals ACBP=A9
 0002:00005B98 0000001C C=DATA    S=_DATA    G=DGROUP   M=C:\PROGRAM FILES\BORLAND\CBUILDER5\LIB\CP32MT.LIB|initexit ACBP=A9
 0002:00005BB4 0000001C C=DATA    S=_DATA    G=DGROUP   M=C:\PROGRAM FILES\BORLAND\CBUILDER5\LIB\CP32MT.LIB|thrddata ACBP=A9
 0002:00005BD0 00000014 C=DATA    S=_DATA    G=DGROUP   M=C:\PROGRAM FILES\BORLAND\CBUILDER5\LIB\CP32MT.LIB|_lock ACBP=A9
 0002:00005BE4 000013E8 C=DATA    S=_DATA    G=DGROUP   M=C:\PROGRAM FILES\BORLAND\CBUILDER5\LIB\CP32MT.LIB|xx ACBP=A9
 0002:00006FCC 000003E0 C=DATA    S=_DATA    G=DGROUP   M=C:\PROGRAM FILES\BORLAND\CBUILDER5\LIB\RELEASE\VCLE50.LIB|dstring ACBP=A9
 0002:00007398 00000078 C=DATA    S=_DATA    G=DGROUP   M=C:\PROGRAM FILES\BORLAND\CBUILDER5\LIB\RELEASE\VCLE50.LIB|syssupp ACBP=A9
 0002:00007410 0000006C C=DATA    S=_DATA    G=DGROUP   M=C:\PROGRAM FILES\BORLAND\CBUILDER5\LIB\RELEASE\VCLE50.LIB|vclinit ACBP=A9
 0002:0000747C 000003B4 C=DATA    S=_DATA    G=DGROUP   M=C:\PROGRAM FILES\BORLAND\CBUILDER5\LIB\BCBSMP50.LIB|.\CCALENDR.CPP ACBP=A9
 0002:00007810 00000C60 C=DATA    S=_DATA    G=DGROUP   M=C:\PROGRAM FILES\BORLAND\CBUILDER5\LIB\BCBSMP50.LIB|.\piereg.cpp ACBP=A9
 0002:0000845C 00000404 C=DATA    S=_DATA    G=DGROUP   M=<internal> ACBP=A9
 0003:00000000 0000001C C=BSS     S=_BSS     G=DGROUP   M=C:\PROGRAM FILES\BORLAND\CBUILDER5\LIB\OBJ\SYSINIT.OBJ ACBP=A9
 0003:0000001C 00000008 C=BSS     S=_BSS     G=DGROUP   M=D:\STASIEK\MY PROJECTS\OBSOLETE\PROGS\PANEL.VCL\UNIT1.OBJ ACBP=A9
 0003:00000024 00000004 C=BSS     S=_BSS     G=DGROUP   M=D:\STASIEK\MY PROJECTS\OBSOLETE\FORM_TEMPLATES\ABOUT_FRM.OBJ ACBP=A9
 0003:00000028 00000008 C=BSS     S=_BSS     G=DGROUP   M=C:\PROGRAM FILES\BORLAND\CBUILDER5\LIB\DCLUSR50.LIB|C:\Program Files\Borland\CBuilder5\Projects\OBSOLETE\PACKAGES\ADVBAR.CPP ACBP=A9
 0003:00000030 00000004 C=BSS     S=_BSS     G=DGROUP   M=C:\PROGRAM FILES\BORLAND\CBUILDER5\LIB\DCLUSR50.LIB|C:\Program Files\Borland\CBuilder5\Projects\OBSOLETE\PACKAGES\BROWSEDLG.cpp ACBP=A9
 0003:00000034 00000008 C=BSS     S=_BSS     G=DGROUP   M=C:\PROGRAM FILES\BORLAND\CBUILDER5\LIB\DCLUSR50.LIB|C:\Program Files\Borland\CBuilder5\Projects\OBSOLETE\PACKAGES\EXEDLG.CPP ACBP=A9
 0003:0000003C 00000004 C=BSS     S=_BSS     G=DGROUP   M=C:\PROGRAM FILES\BORLAND\CBUILDER5\LIB\DCLUSR50.LIB|C:\Program Files\Borland\CBuilder5\Projects\OBSOLETE\PACKAGES\EXEINFO.CPP ACBP=A9
 0003:00000040 00000004 C=BSS     S=_BSS     G=DGROUP   M=C:\PROGRAM FILES\BORLAND\CBUILDER5\LIB\DCLUSR50.LIB|C:\Program Files\Borland\CBuilder5\Projects\OBSOLETE\PACKAGES\EXERES.CPP ACBP=A9
 0003:00000044 0000001C C=BSS     S=_BSS     G=DGROUP   M=C:\PROGRAM FILES\BORLAND\CBUILDER5\LIB\DCLUSR50.LIB|C:\Program Files\Borland\CBuilder5\Projects\OBSOLETE\PACKAGES\FRAMEPAN.CPP ACBP=A9
 0003:00000060 00000060 C=BSS     S=_BSS     G=DGROUP   M=C:\PROGRAM FILES\BORLAND\CBUILDER5\LIB\DCLUSR50.LIB|C:\Program Files\Borland\CBuilder5\Projects\OBSOLETE\PACKAGES\HINTBOX.CPP ACBP=A9
 0003:000000C0 00000004 C=BSS     S=_BSS     G=DGROUP   M=C:\PROGRAM FILES\BORLAND\CBUILDER5\LIB\RELEASE\VCL50.LIB|Contnrs ACBP=A9
 0003:000000C4 00000004 C=BSS     S=_BSS     G=DGROUP   M=C:\PROGRAM FILES\BORLAND\CBUILDER5\LIB\RELEASE\VCL50.LIB|Masks ACBP=A9
 0003:000000C8 00000004 C=BSS     S=_BSS     G=DGROUP   M=C:\PROGRAM FILES\BORLAND\CBUILDER5\LIB\RELEASE\VCL50.LIB|UrlMon ACBP=A9
 0003:000000CC 00000004 C=BSS     S=_BSS     G=DGROUP   M=C:\PROGRAM FILES\BORLAND\CBUILDER5\LIB\RELEASE\VCL50.LIB|StdActns ACBP=A9
 0003:000000D0 00000004 C=BSS     S=_BSS     G=DGROUP   M=C:\PROGRAM FILES\BORLAND\CBUILDER5\LIB\RELEASE\VCL50.LIB|ImgList ACBP=A9
 0003:000000D4 00000004 C=BSS     S=_BSS     G=DGROUP   M=C:\PROGRAM FILES\BORLAND\CBUILDER5\LIB\RELEASE\VCL50.LIB|ActnList ACBP=A9
 0003:000000D8 0000000C C=BSS     S=_BSS     G=DGROUP   M=C:\PROGRAM FILES\BORLAND\CBUILDER5\LIB\RELEASE\VCL50.LIB|DsgnIntf ACBP=A9
 0003:000000E4 00000004 C=BSS     S=_BSS     G=DGROUP   M=C:\PROGRAM FILES\BORLAND\CBUILDER5\LIB\RELEASE\VCL50.LIB|ToolWin ACBP=A9
 0003:000000E8 00000004 C=BSS     S=_BSS     G=DGROUP   M=C:\PROGRAM FILES\BORLAND\CBUILDER5\LIB\RELEASE\VCL50.LIB|TypInfo ACBP=A9
 0003:000000EC 00000004 C=BSS     S=_BSS     G=DGROUP   M=C:\PROGRAM FILES\BORLAND\CBUILDER5\LIB\RELEASE\VCL50.LIB|StdCtrls ACBP=A9
 0003:000000F0 00000004 C=BSS     S=_BSS     G=DGROUP   M=C:\PROGRAM FILES\BORLAND\CBUILDER5\LIB\RELEASE\VCL50.LIB|Registry ACBP=A9
 0003:000000F4 00000004 C=BSS     S=_BSS     G=DGROUP   M=C:\PROGRAM FILES\BORLAND\CBUILDER5\LIB\RELEASE\VCL50.LIB|Printers ACBP=A9
 0003:000000F8 00000010 C=BSS     S=_BSS     G=DGROUP   M=C:\PROGRAM FILES\BORLAND\CBUILDER5\LIB\RELEASE\VCL50.LIB|Menus ACBP=A9
 0003:00000108 00000004 C=BSS     S=_BSS     G=DGROUP   M=C:\PROGRAM FILES\BORLAND\CBUILDER5\LIB\RELEASE\VCL50.LIB|Mask ACBP=A9
 0003:0000010C 00000004 C=BSS     S=_BSS     G=DGROUP   M=C:\PROGRAM FILES\BORLAND\CBUILDER5\LIB\RELEASE\VCL50.LIB|Inifiles ACBP=A9
 0003:00000110 00000004 C=BSS     S=_BSS     G=DGROUP   M=C:\PROGRAM FILES\BORLAND\CBUILDER5\LIB\RELEASE\VCL50.LIB|Grids ACBP=A9
 0003:00000114 00000060 C=BSS     S=_BSS     G=DGROUP   M=C:\PROGRAM FILES\BORLAND\CBUILDER5\LIB\RELEASE\VCL50.LIB|Graphics ACBP=A9
 0003:00000174 00000024 C=BSS     S=_BSS     G=DGROUP   M=C:\PROGRAM FILES\BORLAND\CBUILDER5\LIB\RELEASE\VCL50.LIB|Forms ACBP=A9
 0003:00000198 00000004 C=BSS     S=_BSS     G=DGROUP   M=C:\PROGRAM FILES\BORLAND\CBUILDER5\LIB\RELEASE\VCL50.LIB|ExtCtrls ACBP=A9
 0003:0000019C 0000003C C=BSS     S=_BSS     G=DGROUP   M=C:\PROGRAM FILES\BORLAND\CBUILDER5\LIB\RELEASE\VCL50.LIB|Dialogs ACBP=A9
 0003:000001D8 00000070 C=BSS     S=_BSS     G=DGROUP   M=C:\PROGRAM FILES\BORLAND\CBUILDER5\LIB\RELEASE\VCL50.LIB|Controls ACBP=A9
 0003:00000248 00000004 C=BSS     S=_BSS     G=DGROUP   M=C:\PROGRAM FILES\BORLAND\CBUILDER5\LIB\RELEASE\VCL50.LIB|Consts ACBP=A9
 0003:0000024C 00000004 C=BSS     S=_BSS     G=DGROUP   M=C:\PROGRAM FILES\BORLAND\CBUILDER5\LIB\RELEASE\VCL50.LIB|ComStrs ACBP=A9
 0003:00000250 00000034 C=BSS     S=_BSS     G=DGROUP   M=C:\PROGRAM FILES\BORLAND\CBUILDER5\LIB\RELEASE\VCL50.LIB|ComCtrls ACBP=A9
 0003:00000284 0000000C C=BSS     S=_BSS     G=DGROUP   M=C:\PROGRAM FILES\BORLAND\CBUILDER5\LIB\RELEASE\VCL50.LIB|ClipBrd ACBP=A9
 0003:00000290 0000003C C=BSS     S=_BSS     G=DGROUP   M=C:\PROGRAM FILES\BORLAND\CBUILDER5\LIB\RELEASE\VCL50.LIB|Classes ACBP=A9
 0003:000002CC 00000030 C=BSS     S=_BSS     G=DGROUP   M=C:\PROGRAM FILES\BORLAND\CBUILDER5\LIB\RELEASE\VCL50.LIB|Buttons ACBP=A9
 0003:000002FC 00000031 C=BSS     S=_BSS     G=DGROUP   M=C:\PROGRAM FILES\BORLAND\CBUILDER5\LIB\RELEASE\VCL50.LIB|MultiMon ACBP=A9
 0003:00000330 00000034 C=BSS     S=_BSS     G=DGROUP   M=C:\PROGRAM FILES\BORLAND\CBUILDER5\LIB\RELEASE\VCL50.LIB|FlatSB ACBP=A9
 0003:00000364 00000004 C=BSS     S=_BSS     G=DGROUP   M=C:\PROGRAM FILES\BORLAND\CBUILDER5\LIB\RELEASE\VCL50.LIB|Winspool ACBP=A9
 0003:00000368 00000004 C=BSS     S=_BSS     G=DGROUP   M=C:\PROGRAM FILES\BORLAND\CBUILDER5\LIB\RELEASE\VCL50.LIB|Wininet ACBP=A9
 0003:0000036C 00000004 C=BSS     S=_BSS     G=DGROUP   M=C:\PROGRAM FILES\BORLAND\CBUILDER5\LIB\RELEASE\VCL50.LIB|Windows ACBP=A9
 0003:00000370 00000004 C=BSS     S=_BSS     G=DGROUP   M=C:\PROGRAM FILES\BORLAND\CBUILDER5\LIB\RELEASE\VCL50.LIB|ShlObj ACBP=A9
 0003:00000374 00000004 C=BSS     S=_BSS     G=DGROUP   M=C:\PROGRAM FILES\BORLAND\CBUILDER5\LIB\RELEASE\VCL50.LIB|ShellApi ACBP=A9
 0003:00000378 00000004 C=BSS     S=_BSS     G=DGROUP   M=C:\PROGRAM FILES\BORLAND\CBUILDER5\LIB\RELEASE\VCL50.LIB|RichEdit ACBP=A9
 0003:0000037C 00000004 C=BSS     S=_BSS     G=DGROUP   M=C:\PROGRAM FILES\BORLAND\CBUILDER5\LIB\RELEASE\VCL50.LIB|RegStr ACBP=A9
 0003:00000380 00000004 C=BSS     S=_BSS     G=DGROUP   M=C:\PROGRAM FILES\BORLAND\CBUILDER5\LIB\RELEASE\VCL50.LIB|ActiveX ACBP=A9
 0003:00000384 00000004 C=BSS     S=_BSS     G=DGROUP   M=C:\PROGRAM FILES\BORLAND\CBUILDER5\LIB\RELEASE\VCL50.LIB|Messages ACBP=A9
 0003:00000388 00000004 C=BSS     S=_BSS     G=DGROUP   M=C:\PROGRAM FILES\BORLAND\CBUILDER5\LIB\RELEASE\VCL50.LIB|Imm ACBP=A9
 0003:0000038C 00000004 C=BSS     S=_BSS     G=DGROUP   M=C:\PROGRAM FILES\BORLAND\CBUILDER5\LIB\RELEASE\VCL50.LIB|Dlgs ACBP=A9
 0003:00000390 00000004 C=BSS     S=_BSS     G=DGROUP   M=C:\PROGRAM FILES\BORLAND\CBUILDER5\LIB\RELEASE\VCL50.LIB|CommDlg ACBP=A9
 0003:00000394 0000000C C=BSS     S=_BSS     G=DGROUP   M=C:\PROGRAM FILES\BORLAND\CBUILDER5\LIB\RELEASE\VCL50.LIB|CommCtrl ACBP=A9
 0003:000003A0 00000004 C=BSS     S=_BSS     G=DGROUP   M=C:\PROGRAM FILES\BORLAND\CBUILDER5\LIB\RELEASE\VCL50.LIB|Math ACBP=A9
 0003:000003A4 00000004 C=BSS     S=_BSS     G=DGROUP   M=C:\PROGRAM FILES\BORLAND\CBUILDER5\LIB\RELEASE\VCL50.LIB|SysConst ACBP=A9
 0003:000003A8 0000011C C=BSS     S=_BSS     G=DGROUP   M=C:\PROGRAM FILES\BORLAND\CBUILDER5\LIB\RELEASE\VCL50.LIB|SysUtils ACBP=A9
 0003:000004C4 000004D4 C=BSS     S=_BSS     G=DGROUP   M=C:\PROGRAM FILES\BORLAND\CBUILDER5\LIB\RELEASE\VCL50.LIB|System ACBP=A9
 0003:00000998 00000008 C=BSS     S=_BSS     G=DGROUP   M=C:\PROGRAM FILES\BORLAND\CBUILDER5\LIB\CP32MT.LIB|setnew ACBP=A9
 0003:000009A0 00000018 C=BSS     S=_BSS     G=DGROUP   M=C:\PROGRAM FILES\BORLAND\CBUILDER5\LIB\CP32MT.LIB|hrdir_b ACBP=A9
 0003:000009B8 00000001 C=BSS     S=_BSS     G=DGROUP   M=C:\PROGRAM FILES\BORLAND\CBUILDER5\LIB\CP32MT.LIB|need_vcl ACBP=A9
 0003:000009BC 0000002C C=BSS     S=_BSS     G=DGROUP   M=C:\PROGRAM FILES\BORLAND\CBUILDER5\LIB\CP32MT.LIB|predecl ACBP=A9
 0003:000009E8 0000001C C=BSS     S=_BSS     G=DGROUP   M=C:\PROGRAM FILES\BORLAND\CBUILDER5\LIB\CP32MT.LIB|stdexcpt ACBP=A9
 0003:00000A04 00000410 C=BSS     S=_BSS     G=DGROUP   M=C:\PROGRAM FILES\BORLAND\CBUILDER5\LIB\CP32MT.LIB|xxtype ACBP=A9
 0003:00000E14 00000008 C=BSS     S=_BSS     G=DGROUP   M=C:\PROGRAM FILES\BORLAND\CBUILDER5\LIB\CP32MT.LIB|xxv ACBP=A9
 0003:00000E1C 00000008 C=BSS     S=_BSS     G=DGROUP   M=C:\PROGRAM FILES\BORLAND\CBUILDER5\LIB\CP32MT.LIB|except ACBP=A9
 0003:00000E24 00000190 C=BSS     S=_BSS     G=DGROUP   M=C:\PROGRAM FILES\BORLAND\CBUILDER5\LIB\CP32MT.LIB|files2 ACBP=A9
 0003:00000FB4 00000008 C=BSS     S=_BSS     G=DGROUP   M=C:\PROGRAM FILES\BORLAND\CBUILDER5\LIB\CP32MT.LIB|handles ACBP=A9
 0003:00000FBC 00000008 C=BSS     S=_BSS     G=DGROUP   M=C:\PROGRAM FILES\BORLAND\CBUILDER5\LIB\CP32MT.LIB|streams ACBP=A9
 0003:00000FC4 00000108 C=BSS     S=_BSS     G=DGROUP   M=C:\PROGRAM FILES\BORLAND\CBUILDER5\LIB\CP32MT.LIB|mbctype ACBP=A9
 0003:000010CC 00000100 C=BSS     S=_BSS     G=DGROUP   M=C:\PROGRAM FILES\BORLAND\CBUILDER5\LIB\CP32MT.LIB|assert ACBP=A9
 0003:000011CC 00000019 C=BSS     S=_BSS     G=DGROUP   M=C:\PROGRAM FILES\BORLAND\CBUILDER5\LIB\CP32MT.LIB|ermsghlp ACBP=A9
 0003:000011E8 0000000C C=BSS     S=_BSS     G=DGROUP   M=C:\PROGRAM FILES\BORLAND\CBUILDER5\LIB\CP32MT.LIB|setargv ACBP=A9
 0003:000011F4 00000004 C=BSS     S=_BSS     G=DGROUP   M=C:\PROGRAM FILES\BORLAND\CBUILDER5\LIB\CP32MT.LIB|hsargv ACBP=A9
 0003:000011F8 00000004 C=BSS     S=_BSS     G=DGROUP   M=C:\PROGRAM FILES\BORLAND\CBUILDER5\LIB\CP32MT.LIB|whsargv ACBP=A9
 0003:000011FC 00000010 C=BSS     S=_BSS     G=DGROUP   M=C:\PROGRAM FILES\BORLAND\CBUILDER5\LIB\CP32MT.LIB|setenvp ACBP=A9
 0003:0000120C 00000044 C=BSS     S=_BSS     G=DGROUP   M=C:\PROGRAM FILES\BORLAND\CBUILDER5\LIB\CP32MT.LIB|globals ACBP=A9
 0003:00001250 00000008 C=BSS     S=_BSS     G=DGROUP   M=C:\PROGRAM FILES\BORLAND\CBUILDER5\LIB\CP32MT.LIB|thrddata ACBP=A9
 0003:00001258 00003004 C=BSS     S=_BSS     G=DGROUP   M=C:\PROGRAM FILES\BORLAND\CBUILDER5\LIB\CP32MT.LIB|_lock ACBP=A9
 0003:0000425C 00000010 C=BSS     S=_BSS     G=DGROUP   M=C:\PROGRAM FILES\BORLAND\CBUILDER5\LIB\CP32MT.LIB|xx ACBP=A9
 0003:0000426C 00000004 C=BSS     S=_BSS     G=DGROUP   M=C:\PROGRAM FILES\BORLAND\CBUILDER5\LIB\BCBSMP50.LIB|.\CCALENDR.CPP ACBP=A9
 0003:00004270 00000004 C=BSS     S=_BSS     G=DGROUP   M=C:\PROGRAM FILES\BORLAND\CBUILDER5\LIB\BCBSMP50.LIB|.\piereg.cpp ACBP=A9
 0004:00000000 00000008 C=TLS     S=_TLS     G=DGROUP   M=C:\PROGRAM FILES\BORLAND\CBUILDER5\LIB\RELEASE\VCL50.LIB|Classes ACBP=A9
 0004:00000008 00000008 C=TLS     S=_TLS     G=DGROUP   M=C:\PROGRAM FILES\BORLAND\CBUILDER5\LIB\RELEASE\VCL50.LIB|System ACBP=A9
 0004:00000010 0000009C C=TLS     S=_TLS     G=DGROUP   M=C:\PROGRAM FILES\BORLAND\CBUILDER5\LIB\CP32MT.LIB|xxv ACBP=A9
 0004:000000AC 00000008 C=TLS     S=_TLS     G=DGROUP   M=C:\PROGRAM FILES\BORLAND\CBUILDER5\LIB\CP32MT.LIB|tls ACBP=A9

  Address         Publics by Name

 0001:0006FD90      @$bdele$qpv
 0001:0006FDA0      @$bdla$qpv
 0001:0006FDC4      @$bnew$qui
 0001:0006FF68      @$bnwa$qui
 0001:00003EB0      @$xp$10BrowseFlag
 0001:00003DD4      @$xp$10BrowseRoot
 0001:00002384      @$xp$10TAboutForm
 0001:0007C4C0      @$xp$10TCCalendar
 0001:00004B0C      @$xp$10TExeDialog
 0001:0007E9AC      @$xp$10TPieEditor
 0001:00031560      @$xp$11Forms@TForm
 0001:00019B60      @$xp$11Menus@TMenu
 0001:0006B7DC      @$xp$11System@Byte
 0001:0006B7B0      @$xp$11System@Char
 0001:0006A769      @$xp$11System@Text
 0001:0006B7F0      @$xp$11System@Word
 0001:0006A769      @$xp$11System@file
 0001:00003204      @$xp$11TBorderKind
 0001:00003240      @$xp$11TBorderSize
 0001:000330EC      @$xp$12Forms@TFrame
 0001:0006A769      @$xp$12System@PChar
 0001:0006A78E      @$xp$12System@PGUID
 0001:0006A78E      @$xp$12System@TGUID
 0001:00002FA4      @$xp$12TAdvancedBar
 0001:00006C14      @$xp$12TExeResource
 0001:00034180      @$xp$13Forms@TScreen
 0001:00028D84      @$xp$13Graphics@TPen
 0001:0006A7BA      @$xp$13System@PInt64
 0001:0006A755      @$xp$13System@Real48
 0001:0006A748      @$xp$13System@Single
 0001:0006A76C      @$xp$13System@String
 0001:00003CA8      @$xp$13TBrowseDialog
 0001:00033814      @$xp$14Forms@IOleForm
 0001:000320C4      @$xp$14Forms@TMonitor
 0001:00028C20      @$xp$14Graphics@TFont
 0001:000295EC      @$xp$14Graphics@TIcon
 0001:00013E1C      @$xp$14Stdctrls@TEdit
 0001:0001482C      @$xp$14Stdctrls@TMemo
 0001:0006B788      @$xp$14System@Boolean
 0001:0006B7C4      @$xp$14System@Integer
 0001:0006A7CC      @$xp$14System@PVarRec
 0001:0006A72F      @$xp$14System@Pointer
 0001:0006B858      @$xp$14System@TObject
 0001:0006A7CC      @$xp$14System@TVarRec
 0001:000031BC      @$xp$15Controls@TAlign
 0001:0003E418      @$xp$15Extctrls@TImage
 0001:0003EAF4      @$xp$15Extctrls@TPanel
 0001:000337E8      @$xp$15Forms@IDesigner
 0001:0003210F      @$xp$15Forms@PHintInfo
 0001:00032110      @$xp$15Forms@THintInfo
 0001:000338E8      @$xp$15Forms@TPosition
 0001:00028E84      @$xp$15Graphics@TBrush
 0001:00003294      @$xp$15Graphics@TColor
 0001:00019390      @$xp$15Menus@PMenuItem
 0001:00019C34      @$xp$15Menus@TMainMenu
 0001:00019790      @$xp$15Menus@TMenuItem
 0001:000135B0      @$xp$15Stdctrls@TLabel
 0001:0006A730      @$xp$15System@Cardinal
 0001:0006A720      @$xp$15System@Extended
 0001:0006A7BA      @$xp$15System@PVarData
 0001:0006A7BA      @$xp$15System@PVariant
 0001:0006A7BA      @$xp$15System@TVarData
 0001:0007E95C      @$xp$15TAngleEditorDlg
 0001:0007E984      @$xp$15TAnglesProperty
 0001:000061E4      @$xp$15TExeInformation
 0001:0005B4FC      @$xp$16Classes@TStrings
 0001:00040C9F      @$xp$16Controls@TCMDrag
 0001:00007C7C      @$xp$16Controls@TCursor
 0001:000320E4      @$xp$16Forms@PCursorRec
 0001:000320E4      @$xp$16Forms@TCursorRec
 0001:000320C2      @$xp$16Forms@TFormClass
 0001:00033840      @$xp$16Forms@TFormStyle
 0001:00032790      @$xp$16Forms@TScrollBox
 0001:000320E4      @$xp$16Forms@TTimerMode
 0001:000294B8      @$xp$16Graphics@TBitmap
 0001:00028F54      @$xp$16Graphics@TCanvas
 0001:000193E8      @$xp$16Menus@TMenuBreak
 0001:00019F14      @$xp$16Menus@TPopupMenu
 0001:00015D48      @$xp$16Stdctrls@TButton
 0001:0006A7BA      @$xp$16System@PCurrency
 0001:0006A7CC      @$xp$16System@PDateTime
 0001:0006A7BA      @$xp$16System@PExtended
 0001:0006A7BA      @$xp$16System@PVarArray
 0001:0006A769      @$xp$16System@PWideChar
 0001:0006A7BC      @$xp$16System@TDateTime
 0001:0006A7BA      @$xp$16System@TVarArray
 0001:00065F46      @$xp$16Sysutils@LongRec
 0001:00065F46      @$xp$16Sysutils@TMethod
 0001:00065F46      @$xp$16Sysutils@WordRec
 0001:0005AB1C      @$xp$17Classes@TBiDiMode
 0001:0005ABA0      @$xp$17Classes@TShortCut
 0001:00050770      @$xp$17Comctrls@TAddMode
 0001:00052858      @$xp$17Comctrls@TToolBar
 0001:00040C9F      @$xp$17Controls@PDragRec
 0001:00041284      @$xp$17Controls@TAnchors
 0001:00040C9F      @$xp$17Controls@TCMFloat
 0001:00041238      @$xp$17Controls@TCaption
 0001:00040CD0      @$xp$17Controls@TControl
 0001:00040C9F      @$xp$17Controls@TDragRec
 0001:00041D88      @$xp$17Controls@TImeMode
 0001:00041E10      @$xp$17Controls@TImeName
 0001:00033888      @$xp$17Forms@TBorderIcon
 0001:00033A30      @$xp$17Forms@TCloseEvent
 0001:0003153C      @$xp$17Forms@TCustomForm
 0001:000339D0      @$xp$17Forms@TPrintScale
 0001:00029130      @$xp$17Graphics@TGraphic
 0001:0002883D      @$xp$17Graphics@TPenData
 0001:0002878C      @$xp$17Graphics@TPenMode
 0001:000291D8      @$xp$17Graphics@TPicture
 0001:0002876F      @$xp$17Graphics@TResData
 0001:0002243C      @$xp$17Grids@TCustomGrid
 0001:00003DC4      @$xp$17System@AnsiString
 0001:0006A758      @$xp$17System@Openstring
 0001:00065F46      @$xp$17Sysutils@Int64Rec
 0001:00065F68      @$xp$17Sysutils@PTextBuf
 0001:00065F68      @$xp$17Sysutils@TFileRec
 0001:00065F68      @$xp$17Sysutils@TTextBuf
 0001:00065F68      @$xp$17Sysutils@TTextRec
 0001:0006298C      @$xp$18Buttons@TNumGlyphs
 0001:0005AAD8      @$xp$18Classes@TAlignment
 0001:0005BC78      @$xp$18Classes@TComponent
 0001:0005ABDC      @$xp$18Classes@THelpEvent
 0001:0005A3DC      @$xp$18Clipbrd@TClipboard
 0001:000507A5      @$xp$18Comctrls@PNodeInfo
 0001:000507A5      @$xp$18Comctrls@TNodeInfo
 0001:00051AC8      @$xp$18Comctrls@TTickMark
 0001:000507CC      @$xp$18Comctrls@TTrackBar
 0001:000507A8      @$xp$18Comctrls@TTreeNode
 0001:00041E3C      @$xp$18Controls@TBevelCut
 0001:000411F4      @$xp$18Controls@TDragKind
 0001:00007C94      @$xp$18Controls@TDragMode
 0001:000414A0      @$xp$18Controls@TKeyEvent
 0001:00041220      @$xp$18Controls@TTabOrder
 0001:0000E7BA      @$xp$18Dsgnintf@TInstProp
 0001:0003425C      @$xp$18Forms@TApplication
 0001:000338D0      @$xp$18Forms@TBorderIcons
 0001:00032648      @$xp$18Forms@TBorderStyle
 0001:00031518      @$xp$18Forms@TCustomFrame
 0001:00033A14      @$xp$18Forms@TModalResult
 0001:000323E0      @$xp$18Forms@TWindowState
 0001:000288B2      @$xp$18Graphics@PResource
 0001:000288B4      @$xp$18Graphics@TFillMode
 0001:0002878A      @$xp$18Graphics@TFontData
 0001:000289E8      @$xp$18Graphics@TFontName
 0001:00029374      @$xp$18Graphics@TMetafile
 0001:00028A74      @$xp$18Graphics@TPenStyle
 0001:000288B2      @$xp$18Graphics@TResource
 0001:000221C8      @$xp$18Grids@TInplaceEdit
 0001:0000C0C0      @$xp$18Imglist@TImageType
 0001:00019DBC      @$xp$18Menus@TTrackButton
 0001:0001533C      @$xp$18Stdctrls@TComboBox
 0001:0006A7BA      @$xp$18System@PAnsiString
 0001:0006A7BA      @$xp$18System@POleVariant
 0001:0006A7BA      @$xp$18System@PWideString
 0001:0006A7CC      @$xp$18System@PackageInfo
 0001:0006A7CC      @$xp$18System@THeapStatus
 0001:00065FFC      @$xp$18Sysutils@Exception
 0001:00066928      @$xp$18Sysutils@TFileName
 0001:00065FB8      @$xp$18Sysutils@TFloatRec
 0001:00066020      @$xp$18Sysutils@TNameType
 0001:00006CE4      @$xp$18TExeResource@TKind
 0001:00011DF4      @$xp$18Toolwin@TEdgeStyle
 0001:0005B3C8      @$xp$19Classes@TCollection
 0001:0005A974      @$xp$19Classes@TDuplicates
 0001:0005AAC4      @$xp$19Classes@TIdentToInt
 0001:0005AAC4      @$xp$19Classes@TIntToIdent
 0001:0005A9B0      @$xp$19Classes@TPersistent
 0001:0005AA04      @$xp$19Classes@TStringItem
 0001:0005B5FC      @$xp$19Classes@TStringList
 0001:000507CC      @$xp$19Comctrls@PNodeCache
 0001:000507CC      @$xp$19Comctrls@TNodeCache
 0001:000513E8      @$xp$19Comctrls@TStatusBar
 0001:00051B04      @$xp$19Comctrls@TTickStyle
 0001:000427BC      @$xp$19Controls@TImageList
 0001:0000E8F0      @$xp$19Dsgnintf@IComponent
 0001:00032130      @$xp$19Forms@TScrollBarInc
 0001:000288B2      @$xp$19Graphics@TBrushData
 0001:000289AC      @$xp$19Graphics@TFontPitch
 0001:00028A14      @$xp$19Graphics@TFontStyle
 0001:0000C0EC      @$xp$19Imglist@TImageIndex
 0001:000195D4      @$xp$19Menus@TMenuAutoFlag
 0001:0006A7BA      @$xp$19System@PShortString
 0001:00065F46      @$xp$19Sysutils@PByteArray
 0001:00065F46      @$xp$19Sysutils@PWordArray
 0001:00065F46      @$xp$19Sysutils@TByteArray
 0001:00065F46      @$xp$19Sysutils@TProcedure
 0001:00065F48      @$xp$19Sysutils@TSearchRec
 0001:00065FFC      @$xp$19Sysutils@TSysLocale
 0001:00065FB8      @$xp$19Sysutils@TTimeStamp
 0001:00065F46      @$xp$19Sysutils@TWordArray
 0001:00011DA0      @$xp$19Toolwin@TEdgeBorder
 0001:00011F54      @$xp$19Toolwin@TToolWindow
 0001:0000D99C      @$xp$20Actnlist@TActionLink
 0001:00062AE8      @$xp$20Buttons@TSpeedButton
 0001:0005A9AF      @$xp$20Classes@PPointerList
 0001:0005AA78      @$xp$20Classes@TBasicAction
 0001:0005AB84      @$xp$20Classes@THelpContext
 0001:0005ABB8      @$xp$20Classes@TNotifyEvent
 0001:0005A9AF      @$xp$20Classes@TPointerList
 0001:00050DCC      @$xp$20Comctrls@TConversion
 0001:00051FB0      @$xp$20Comctrls@TToolButton
 0001:00007E54      @$xp$20Controls@Controls__7
 0001:00007D40      @$xp$20Controls@Controls__8
 0001:00007CFC      @$xp$20Controls@Controls__9
 0001:0007EEDC      @$xp$20Controls@TAnchorKind
 0001:00041248      @$xp$20Controls@TAnchorKind
 0001:0007CC84      @$xp$20Controls@TAnchorKind
 0001:00041E7C      @$xp$20Controls@TBevelWidth
 0001:00040DE4      @$xp$20Controls@THintWindow
 0001:000413EC      @$xp$20Controls@TMouseEvent
 0001:00042284      @$xp$20Controls@TWinControl
 0001:0000E8BC      @$xp$20Dsgnintf@IPersistent
 0001:00033AA4      @$xp$20Forms@TShortCutEvent
 0001:00028840      @$xp$20Graphics@TBrushStyle
 0001:00028A5C      @$xp$20Graphics@TFontStyles
 0001:0001F764      @$xp$20Mask@TCustomMaskEdit
 0001:00019E5C      @$xp$20Menus@TMenuAnimation
 0001:0000BF58      @$xp$20Stdactns@THintAction
 0001:00013CAC      @$xp$20Stdctrls@TCustomEdit
 0001:000146D8      @$xp$20Stdctrls@TCustomMemo
 0001:00013360      @$xp$20Stdctrls@TTextLayout
 0001:00066020      @$xp$20Sysutils@ExceptClass
 0001:00065F46      @$xp$20Sysutils@TIntegerSet
 0001:00065F30      @$xp$20Sysutils@TSysCharSet
 0001:00011DDC      @$xp$20Toolwin@TEdgeBorders
 0001:00062938      @$xp$21Buttons@TButtonLayout
 0001:00050E1C      @$xp$21Comctrls@TIconOptions
 0001:00051060      @$xp$21Comctrls@TStatusPanel
 0001:00041E98      @$xp$21Controls@IDockManager
 0001:00041E20      @$xp$21Controls@TBorderWidth
 0001:00040C38      @$xp$21Controls@TDragMessage
 0001:00041724      @$xp$21Controls@TUnDockEvent
 0001:0003E9C0      @$xp$21Extctrls@TCustomPanel
 0001:00034040      @$xp$21Forms@TCustomDockForm
 0001:00033980      @$xp$21Forms@TDefaultMonitor
 0001:0003214C      @$xp$21Forms@TScrollBarStyle
 0001:000289F8      @$xp$21Graphics@TFontCharset
 0001:0000C074      @$xp$21Imglist@TDrawingStyle
 0001:00019DF8      @$xp$21Menus@TMenuAnimations
 0001:00019D80      @$xp$21Menus@TPopupAlignment
 0001:000134A4      @$xp$21Stdctrls@TCustomLabel
 0001:00014544      @$xp$21Stdctrls@TScrollStyle
 0001:0006A7CC      @$xp$21System@PMemoryManager
 0001:0006A7CC      @$xp$21System@TMemoryManager
 0001:0006A7BA      @$xp$21System@TVarArrayBound
 0001:0006A7CC      @$xp$21System@UnitEntryTable
 0001:00065F68      @$xp$21Sysutils@TFloatFormat
 0001:000120DC      @$xp$21Toolwin@TToolDockForm
 0001:0000DC3C      @$xp$22Actnlist@TCustomAction
 0001:0005BB38      @$xp$22Classes@TComponentName
 0001:0005AAA0      @$xp$22Classes@TIdentMapEntry
 0001:000511F8      @$xp$22Comctrls@TStatusPanels
 0001:00040C9F      @$xp$22Controls@TCMDockClient
 0001:00040DB1      @$xp$22Controls@TControlClass
 0001:00040DB1      @$xp$22Controls@TCreateParams
 0001:0004160C      @$xp$22Controls@TEndDragEvent
 0001:0000EA54      @$xp$22Dsgnintf@IFormDesigner
 0001:0000E7BA      @$xp$22Dsgnintf@PInstPropList
 0001:0000E840      @$xp$22Dsgnintf@TCustomModule
 0001:0000E7BA      @$xp$22Dsgnintf@TInstPropList
 0001:00033A68      @$xp$22Forms@TCloseQueryEvent
 0001:0003155F      @$xp$22Forms@TCustomFormClass
 0001:000325E4      @$xp$22Forms@TFormBorderStyle
 0001:00019420      @$xp$22Menus@TMenuChangeEvent
 0001:00013B10      @$xp$22Stdctrls@TEditCharCase
 0001:0006A78E      @$xp$22System@PInterfaceEntry
 0001:0006A78E      @$xp$22System@PInterfaceTable
 0001:0006A7CC      @$xp$22System@PUnitEntryTable
 0001:0006A78E      @$xp$22System@TInterfaceEntry
 0001:0006A78E      @$xp$22System@TInterfaceTable
 0001:00065FB8      @$xp$22Sysutils@TMbcsByteType
 0001:0005BB4C      @$xp$23Classes@IDesignerNotify
 0001:0005B3F0      @$xp$23Classes@IStringsAdapter
 0001:0005AA25      @$xp$23Classes@PStringItemList
 0001:0005A9D8      @$xp$23Classes@TCollectionItem
 0001:0005AA28      @$xp$23Classes@TStringItemList
 0001:00040C9F      @$xp$23Controls@PDockNotifyRec
 0001:00041104      @$xp$23Controls@TControlCanvas
 0001:00042504      @$xp$23Controls@TCustomControl
 0001:00041658      @$xp$23Controls@TDockDropEvent
 0001:00040C9F      @$xp$23Controls@TDockNotifyRec
 0001:000416AC      @$xp$23Controls@TDockOverEvent
 0001:00040E34      @$xp$23Controls@TDockTreeClass
 0001:00041580      @$xp$23Controls@TDragDropEvent
 0001:000426FC      @$xp$23Controls@TDragImageList
 0001:00041510      @$xp$23Controls@TDragOverEvent
 0001:000414E0      @$xp$23Controls@TKeyPressEvent
 0001:0000F220      @$xp$23Dsgnintf@TClassProperty
 0001:0000E814      @$xp$23Dsgnintf@TDefaultEditor
 0001:000321F8      @$xp$23Forms@TControlScrollBar
 0001:0003153C      @$xp$23Forms@TCustomFrameClass
 0001:00028FF8      @$xp$23Graphics@TProgressEvent
 0001:00019590      @$xp$23Menus@TMenuItemAutoFlag
 0001:00015BDC      @$xp$23Stdctrls@TButtonControl
 0001:000132C8      @$xp$23Stdctrls@TComboBoxStyle
 0001:00014F98      @$xp$23Stdctrls@TDrawItemEvent
 0001:0006A7CC      @$xp$23System@PackageInfoTable
 0001:0006A7CC      @$xp$23System@PackageUnitEntry
 0001:0006A7BA      @$xp$23System@TInterfacedClass
 0001:0006605D      @$xp$23Sysutils@TTerminateProc
 0001:0005AA4C      @$xp$24Classes@TBasicActionLink
 0001:0005A9AF      @$xp$24Classes@TListSortCompare
 0001:0005A9D5      @$xp$24Classes@TPersistentClass
 0001:00051220      @$xp$24Comctrls@TDrawPanelEvent
 0001:00040C9F      @$xp$24Controls@TCMUnDockClient
 0001:0004183C      @$xp$24Controls@TCanResizeEvent
 0001:00041298      @$xp$24Controls@TConstraintSize
 0001:000423BC      @$xp$24Controls@TGraphicControl
 0001:00041450      @$xp$24Controls@TMouseMoveEvent
 0001:00041780      @$xp$24Controls@TStartDockEvent
 0001:000415CC      @$xp$24Controls@TStartDragEvent
 0001:0000E7BC      @$xp$24Dsgnintf@TPropertyEditor
 0001:0000E868      @$xp$24Dsgnintf@TPropertyFilter
 0001:00028B70      @$xp$24Graphics@IChangeNotifier
 0001:00028770      @$xp$24Graphics@TFontStylesBase
 0001:00028B44      @$xp$24Graphics@TGraphicsObject
 0001:0000C1AC      @$xp$24Imglist@TCustomImageList
 0001:0001946C      @$xp$24Menus@TMenuDrawItemEvent
 0001:000151D0      @$xp$24Stdctrls@TCustomComboBox
 0001:0006A790      @$xp$24System@TInterfacedObject
 0001:0000D9C4      @$xp$25Actnlist@TActionLinkClass
 0001:0000D94C      @$xp$25Actnlist@TContainedAction
 0001:0005AA9E      @$xp$25Classes@TBasicActionClass
 0001:00050DF2      @$xp$25Comctrls@TConversionClass
 0001:00051CB8      @$xp$25Comctrls@TIconArrangement
 0001:00051D50      @$xp$25Comctrls@TToolButtonStyle
 0001:00040E0C      @$xp$25Controls@TForEachZoneProc
 0001:00040E0A      @$xp$25Controls@THintWindowClass
 0001:00041914      @$xp$25Controls@TMouseWheelEvent
 0001:00041330      @$xp$25Controls@TSizeConstraints
 0001:0000E7E8      @$xp$25Dsgnintf@TComponentEditor
 0001:0006605D      @$xp$25Sysutils@TPackageInfoProc
 0001:0000DB44      @$xp$26Actnlist@TCustomActionList
 0001:00050DF2      @$xp$26Comctrls@PConversionFormat
 0001:00050DF4      @$xp$26Comctrls@TConversionFormat
 0001:00050F98      @$xp$26Comctrls@TStatusPanelBevel
 0001:00050F60      @$xp$26Comctrls@TStatusPanelStyle
 0001:000417C4      @$xp$26Controls@TGetSiteInfoEvent
 0001:00032568      @$xp$26Forms@TScrollingWinControl
 0001:00013334      @$xp$26Stdctrls@TButtonActionLink
 0001:00014FF8      @$xp$26Stdctrls@TMeasureItemEvent
 0001:0006A7CC      @$xp$26System@GetPackageInfoTable
 0001:00050EE4      @$xp$27Comctrls@TDTParseInputEvent
 0001:00052494      @$xp$27Comctrls@TTBCustomDrawEvent
 0001:000419EC      @$xp$27Controls@TContextPopupEvent
 0001:00040CA0      @$xp$27Controls@TControlActionLink
 0001:0000E868      @$xp$27Dsgnintf@TCustomModuleClass
 0001:0000EA88      @$xp$27Dsgnintf@TPropertyAttribute
 0001:00019530      @$xp$27Menus@TMenuMeasureItemEvent
 0001:00067390      @$xp$27Sysutils@TActiveThreadArray
 0001:0005AA01      @$xp$28Classes@TCollectionItemClass
 0001:0005AAC4      @$xp$28Classes@TFindGlobalComponent
 0001:00050E1B      @$xp$28Comctrls@PRichEditStreamInfo
 0001:00050E1B      @$xp$28Comctrls@TRichEditStreamInfo
 0001:00040C9F      @$xp$28Controls@TCMDockNotification
 0001:0000E79C      @$xp$28Dsgnintf@TPropertyAttributes
 0001:0005AA76      @$xp$29Classes@TBasicActionLinkClass
 0001:00051A88      @$xp$29Comctrls@TTrackBarOrientation
 0001:0000E7E6      @$xp$29Dsgnintf@TPropertyEditorClass
 0001:0000D99A      @$xp$30Actnlist@TContainedActionClass
 0001:0005AA49      @$xp$30Classes@TStringListSortCompare
 0001:000524E4      @$xp$30Comctrls@TTBCustomDrawBtnEvent
 0001:00050EB4      @$xp$30Comctrls@TToolButtonActionLink
 0001:00040DB4      @$xp$30Controls@TWinControlActionLink
 0001:0000E813      @$xp$30Dsgnintf@TComponentEditorClass
 0001:00041988      @$xp$31Controls@TMouseWheelUpDownEvent
 0001:0000E83D      @$xp$31Dsgnintf@TFreeCustomModulesProc
 0001:0000E892      @$xp$31Dsgnintf@TPropertyCategoryClass
 0001:00041898      @$xp$32Controls@TConstrainedResizeEvent
 0001:00040CCD      @$xp$32Controls@TControlActionLinkClass
 0001:000194C8      @$xp$32Menus@TAdvancedMenuDrawItemEvent
 0001:0002873C      @$xp$33Graphics@EInvalidGraphicOperation
 0001:0000E868      @$xp$34Dsgnintf@TRegisterCustomModuleProc
 0001:00052554      @$xp$35Comctrls@TTBAdvancedCustomDrawEvent
 0001:00050EE4      @$xp$35Comctrls@TToolButtonActionLinkClass
 0001:00040DE4      @$xp$35Controls@TWinControlActionLinkClass
 0001:000525C4      @$xp$38Comctrls@TTBAdvancedCustomDrawBtnEvent
 0001:00003EA0      @$xp$38System@%Set$t10BrowseFlag$iuc$0$iuc$4%
 0001:00007CC8      @$xp$48System@%Set$t20Controls@Controls__9$iuc$0$iuc$4%
 0001:0007CAF0      @$xp$48System@%Set$t20Controls@TAnchorKind$iuc$0$iuc$3%
 0001:00007C5C      @$xp$49System@%Set$t20Controls@Controls__7$iuc$0$iuc$10%
 0001:00007C6C      @$xp$49System@%Set$t20Controls@Controls__8$iuc$0$iuc$16%
 0001:0007E9D0      @$xp$4TPie
 0001:00001714      @$xp$6TForm1
 0001:0000766C      @$xp$6TRamka
 0001:0006A778      @$xp$7HRESULT
 0001:0007EC4C      @$xp$7TAngles
 0001:0006B878      @$xp$8IUnknown
 0001:0000B65C      @$xp$8THintBox
 0001:000032AC      @$xp$i
 0001:00003270      @$xp$o
 0001:0007CB00      @$xp$s
 0001:00007C3C      @$xp$ynpqqrp14System@TObject$v
 0001:00007B90      @$xp$ynpqqrp14System@TObject21Controls@TMouseButton46System@%Set$t18Classes@Classes__1$iuc$0$iuc$6%ii$v
 0001:00007BF0      @$xp$ynpqqrp14System@TObject46System@%Set$t18Classes@Classes__1$iuc$0$iuc$6%ii$v
 0001:0007CB5C      @$xp$ynpqqrp14System@TObjectrc$v
 0001:0000B9F4      @$xp$ynpqqrp14System@TObjectrp20Controls@TDragObject$v
 0001:0007CB88      @$xp$ynpqqrp14System@TObjectrp24Controls@TDragDockObject$v
 0001:0007CB14      @$xp$ynpqqrp14System@TObjectrus46System@%Set$t18Classes@Classes__1$iuc$0$iuc$6%$v
 0001:0000B944      @$xp$ynpqqrp14System@TObjectt1ii$v
 0001:0000B98C      @$xp$ynpqqrp14System@TObjectt1ii19Controls@TDragStatero$v
 0001:00007CD8      @$xp$ynpqqrr17Messages@TMessage$v
 0001:00004E30      @$xp$ynpqqruiuil$i
 0001:00002330      @$xt$10TAboutForm
 0001:0007C46C      @$xt$10TCCalendar
 0001:00004AA8      @$xt$10TExeDialog
 0001:0007E78C      @$xt$10TPieEditor
 0001:00001624      @$xt$11Forms@TForm
 0001:000016CC      @$xt$11THandleList
 0001:00070570      @$xt$11_RWSTDMutex
 0001:00002F4C      @$xt$12TAdvancedBar
 0001:00006BAC      @$xt$12TExeResource
 0001:00070530      @$xt$12std@bad_cast
 0001:0000B53C      @$xt$13Classes@TList
 0001:0007ECD8      @$xt$13Graphics@TPen
 0001:00003C30      @$xt$13TBrowseDialog
 0001:0006FE54      @$xt$13std@bad_alloc
 0001:0006FF04      @$xt$13std@exception
 0001:00071504      @$xt$13std@type_info
 0001:0000BA2C      @$xt$14Graphics@TFont
 0001:00000514      @$xt$14System@TObject
 0001:00070550      @$xt$14std@bad_typeid
 0001:00071550      @$xt$14type_info_hash
 0001:0007ED30      @$xt$15Graphics@TBrush
 0001:0007E838      @$xt$15TAngleEditorDlg
 0001:0007E7E0      @$xt$15TAnglesProperty
 0001:0000618C      @$xt$15TExeInformation
 0001:0000B4D8      @$xt$16Classes@TStrings
 0001:00003324      @$xt$16Graphics@TBitmap
 0001:00001BA0      @$xt$17Controls@TControl
 0001:00001988      @$xt$17Forms@TCustomForm
 0001:00003380      @$xt$17Graphics@TGraphic
 0001:0007CBC4      @$xt$17Grids@TCustomGrid
 0001:000003D0      @$xt$17System@AnsiString
 0001:00001C70      @$xt$18Classes@TComponent
 0001:0007A5CC      @$xt$18Sysutils@EControlC
 0001:0007A748      @$xt$18Sysutils@EExternal
 0001:0007A68C      @$xt$18Sysutils@EIntError
 0001:0007A44C      @$xt$18Sysutils@EOverflow
 0001:00000420      @$xt$18Sysutils@Exception
 0001:00001CD4      @$xt$19Classes@TPersistent
 0001:0000B594      @$xt$19Classes@TStringList
 0001:0007A26C      @$xt$19Sysutils@EDivByZero
 0001:0007A38C      @$xt$19Sysutils@EInvalidOp
 0001:0007A6E8      @$xt$19Sysutils@EMathError
 0001:0007A56C      @$xt$19Sysutils@EPrivilege
 0001:0007A4A8      @$xt$19Sysutils@EUnderflow
 0001:00001B30      @$xt$20Controls@TWinControl
 0001:0007A2CC      @$xt$20Sysutils@ERangeError
 0001:0007A3EC      @$xt$20Sysutils@EZeroDivide
 0001:0007A32C      @$xt$21Sysutils@EIntOverflow
 0001:0007CC20      @$xt$23Controls@TCustomControl
 0001:0007E728      @$xt$23Dsgnintf@TClassProperty
 0001:0007E6C4      @$xt$23Dsgnintf@TDefaultEditor
 0001:0007A628      @$xt$23Sysutils@EStackOverflow
 0001:000032C0      @$xt$24Controls@TGraphicControl
 0001:0007ED8C      @$xt$24Dsgnintf@TPropertyEditor
 0001:0000BABC      @$xt$24Graphics@TGraphicsObject
 0001:0007EDF8      @$xt$24System@TInterfacedObject
 0001:0007E658      @$xt$25Dsgnintf@TComponentEditor
 0001:0007A508      @$xt$25Sysutils@EAccessViolation
 0001:000019FC      @$xt$26Forms@TScrollingWinControl
 0001:0007DDA0      @$xt$32std@%auto_ptr$15TAngleEditorDlg%
 0001:00001AC8      @$xt$42System@%DelphiInterface$t14Forms@IOleForm%
 0001:00001A60      @$xt$43System@%DelphiInterface$t15Forms@IDesigner%
 0001:00001C04      @$xt$49System@%DelphiInterface$t21Controls@IDockManager%
 0001:0007E8BC      @$xt$4TPie
 0001:0007DB20      @$xt$50System@%DelphiInterface$t22Dsgnintf@IFormDesigner%
 0001:0000B468      @$xt$51System@%DelphiInterface$t23Classes@IStringsAdapter%
 0001:0000BB20      @$xt$52System@%DelphiInterface$t24Graphics@IChangeNotifier%
 0001:0000167C      @$xt$6TForm1
 0001:0000761C      @$xt$6TRamka
 0001:0007E90C      @$xt$7TAngles
 0001:0000B608      @$xt$8THintBox
 0001:0000B26C      @$xt$a2$p13Classes@TList
 0001:0007D0F0      @$xt$a2$p13Graphics@TPen
 0001:0000B20C      @$xt$a2$p14Graphics@TFont
 0001:0007D10C      @$xt$a2$p15Graphics@TBrush
 0001:0007DEB8      @$xt$a2$p15TAngleEditorDlg
 0001:0000B228      @$xt$a2$p16Classes@TStrings
 0001:00002F14      @$xt$a2$p16Graphics@TBitmap
 0001:0007A118      @$xt$a2$p18Sysutils@Exception
 0001:0000B248      @$xt$a2$p19Classes@TStringList
 0001:0007D128      @$xt$a2$p7TAngles
 0001:00001DCC      @$xt$p10TAboutForm
 0001:0007B8C8      @$xt$p10TCCalendar
 0001:000041F4      @$xt$p10TExeDialog
 0001:0007E0A0      @$xt$p10TPieEditor
 0001:000015E4      @$xt$p11Forms@TForm
 0001:000005F0      @$xt$p11THandleList
 0001:000026C8      @$xt$p12TAdvancedBar
 0001:00006634      @$xt$p12TExeResource
 0001:0000B32C      @$xt$p13Classes@TList
 0001:0007E8A8      @$xt$p13Graphics@TPen
 0001:00003654      @$xt$p13TBrowseDialog
 0001:0006FEEC      @$xt$p13std@bad_alloc
 0001:0000B5F4      @$xt$p14Graphics@TFont
 0001:0007E890      @$xt$p15Graphics@TBrush
 0001:0007D5BC      @$xt$p15TAngleEditorDlg
 0001:0007DB90      @$xt$p15TAnglesProperty
 0001:00004F88      @$xt$p15TExeInformation
 0001:0000B3B8      @$xt$p16Classes@TStrings
 0001:00002F34      @$xt$p16Graphics@TBitmap
 0001:0007E4AC      @$xt$p17Forms@TCustomForm
 0001:00003458      @$xt$p17Graphics@TGraphic
 0001:000015F8      @$xt$p17System@AnsiString
 0001:0007A004      @$xt$p18Sysutils@EControlC
 0001:00079F98      @$xt$p18Sysutils@EExternal
 0001:00079FCC      @$xt$p18Sysutils@EIntError
 0001:0007A074      @$xt$p18Sysutils@EOverflow
 0001:00000560      @$xt$p18Sysutils@Exception
 0001:0000B3D0      @$xt$p19Classes@TPersistent
 0001:0000B310      @$xt$p19Classes@TStringList
 0001:0007A0FC      @$xt$p19Sysutils@EDivByZero
 0001:0007A0A8      @$xt$p19Sysutils@EInvalidOp
 0001:00079FB0      @$xt$p19Sysutils@EMathError
 0001:0007A01C      @$xt$p19Sysutils@EPrivilege
 0001:0007A058      @$xt$p19Sysutils@EUnderflow
 0001:0007A0E0      @$xt$p20Sysutils@ERangeError
 0001:0007A08C      @$xt$p20Sysutils@EZeroDivide
 0001:0007A0C4      @$xt$p21Sysutils@EIntOverflow
 0001:0007E3A8      @$xt$p23Dsgnintf@TClassProperty
 0001:0007E3C8      @$xt$p23Dsgnintf@TDefaultEditor
 0001:00079FE4      @$xt$p23Sysutils@EStackOverflow
 0001:0000BC0C      @$xt$p24Graphics@TGraphicsObject
 0001:0007E514      @$xt$p25Dsgnintf@TComponentEditor
 0001:0007A038      @$xt$p25Sysutils@EAccessViolation
 0001:0007E534      @$xt$p26Forms@TScrollingWinControl
 0001:0007DE2C      @$xt$p32std@%auto_ptr$15TAngleEditorDlg%
 0001:0007E608      @$xt$p42System@%DelphiInterface$t14Forms@IOleForm%
 0001:0007E5BC      @$xt$p43System@%DelphiInterface$t15Forms@IDesigner%
 0001:0007CFE4      @$xt$p4TPie
 0001:0007DBFC      @$xt$p50System@%DelphiInterface$t22Dsgnintf@IFormDesigner%
 0001:0000B444      @$xt$p51System@%DelphiInterface$t23Classes@IStringsAdapter%
 0001:0000091C      @$xt$p6TForm1
 0001:00006ECC      @$xt$p6TRamka
 0001:0007CD74      @$xt$p7TAngles
 0001:000082E4      @$xt$p8THintBox
 0001:0007A158      @$xt$r18Sysutils@EControlC
 0001:0007A1C8      @$xt$r18Sysutils@EOverflow
 0001:000003B8      @$xt$r18Sysutils@Exception
 0001:0007A250      @$xt$r19Sysutils@EDivByZero
 0001:0007A1FC      @$xt$r19Sysutils@EInvalidOp
 0001:0007A170      @$xt$r19Sysutils@EPrivilege
 0001:0007A1AC      @$xt$r19Sysutils@EUnderflow
 0001:0007A234      @$xt$r20Sysutils@ERangeError
 0001:0007A1E0      @$xt$r20Sysutils@EZeroDivide
 0001:0007A218      @$xt$r21Sysutils@EIntOverflow
 0001:0007A138      @$xt$r23Sysutils@EStackOverflow
 0001:0007A18C      @$xt$r25Sysutils@EAccessViolation
 0001:00003480      @@Advbar@Finalize
 0001:00003470      @@Advbar@Initialize
 0001:00003F3C      @@Browsedlg@Finalize
 0001:00003F2C      @@Browsedlg@Initialize
 0001:0007CD10      @@Ccalendr@Finalize
 0001:0007CD00      @@Ccalendr@Initialize
 0001:00004E78      @@Exedlg@Finalize
 0001:00004E68      @@Exedlg@Initialize
 0001:000064A8      @@Exeinfo@Finalize
 0001:00006498      @@Exeinfo@Initialize
 0001:00006D30      @@Exeres@Finalize
 0001:00006D20      @@Exeres@Initialize
 0001:00007F14      @@Framepan@Finalize
 0001:00007F04      @@Framepan@Initialize
 0001:0000BC6C      @@Hintbox@Finalize
 0001:0000BC5C      @@Hintbox@Initialize
 0001:0007EF28      @@Piereg@Finalize
 0001:0007EF18      @@Piereg@Initialize
 0001:00001D44      @@Unit1@Finalize
 0001:00001D34      @@Unit1@Initialize
 0003:00000380      @Activex@B237_2
 0001:000658F4      @Activex@Finalization$qqrv
 0001:00065924      @Activex@initialization$qqrv
 0003:000000D4      @Actnlist@B74_2
 0001:0000D94C      @Actnlist@C74_0
 0001:0000E764      @Actnlist@Finalization$qqrv
 0001:0000DC64      @Actnlist@TActionLink@
 0001:0000E234      @Actnlist@TActionLink@IsCaptionLinked$qqrv
 0001:0000E248      @Actnlist@TActionLink@IsCheckedLinked$qqrv
 0001:0000E25C      @Actnlist@TActionLink@IsEnabledLinked$qqrv
 0001:0000E270      @Actnlist@TActionLink@IsHelpContextLinked$qqrv
 0001:0000E284      @Actnlist@TActionLink@IsHintLinked$qqrv
 0001:0000E298      @Actnlist@TActionLink@IsImageIndexLinked$qqrv
 0001:0000E2AC      @Actnlist@TActionLink@IsShortCutLinked$qqrv
 0001:0000E2C0      @Actnlist@TActionLink@IsVisibleLinked$qqrv
 0001:0000E2D4      @Actnlist@TActionLink@SetCaption$qqrx17System@AnsiString
 0001:0000E2D8      @Actnlist@TActionLink@SetChecked$qqro
 0001:0000E2DC      @Actnlist@TActionLink@SetEnabled$qqro
 0001:0000E2E0      @Actnlist@TActionLink@SetHelpContext$qqri
 0001:0000E2E4      @Actnlist@TActionLink@SetHint$qqrx17System@AnsiString
 0001:0000E2E8      @Actnlist@TActionLink@SetImageIndex$qqri
 0001:0000E2EC      @Actnlist@TActionLink@SetShortCut$qqrus
 0001:0000E2F0      @Actnlist@TActionLink@SetVisible$qqro
 0001:0000D9C4      @Actnlist@TContainedAction@
 0001:0000DD1C      @Actnlist@TContainedAction@$bdtr$qqrv
 0001:0000DE88      @Actnlist@TContainedAction@Execute$qqrv
 0001:0000DD50      @Actnlist@TContainedAction@GetIndex$qqrv
 0001:0000DD6C      @Actnlist@TContainedAction@GetParentComponent$qqrv
 0001:0000DD7C      @Actnlist@TContainedAction@HasParent$qqrv
 0001:0000DD68      @Actnlist@TContainedAction@IsCategoryStored$qqrv
 0001:0000DD8C      @Actnlist@TContainedAction@ReadState$qqrp15Classes@TReader
 0001:0000DE34      @Actnlist@TContainedAction@SetActionList$qqrp26Actnlist@TCustomActionList
 0001:0000DE08      @Actnlist@TContainedAction@SetCategory$qqrx17System@AnsiString
 0001:0000DDC0      @Actnlist@TContainedAction@SetIndex$qqri
 0001:0000DE5C      @Actnlist@TContainedAction@SetParentComponent$qqrp18Classes@TComponent
 0001:0000DEE0      @Actnlist@TContainedAction@Update$qqrv
 0001:0000DB70      @Actnlist@TCustomAction@
 0001:0000E2F4      @Actnlist@TCustomAction@$bctr$qqrp18Classes@TComponent
 0001:0000E33C      @Actnlist@TCustomAction@$bdtr$qqrv
 0001:0000E374      @Actnlist@TCustomAction@AssignTo$qqrp19Classes@TPersistent
 0001:0000E720      @Actnlist@TCustomAction@DoHint$qqrr17System@AnsiString
 0001:0000E740      @Actnlist@TCustomAction@Execute$qqrv
 0001:0000E3F0      @Actnlist@TCustomAction@SetCaption$qqrx17System@AnsiString
[...]
 0002:00007C8C      @_$ECTDM$@TPieEditor@$bctr$qqrp18Classes@TComponent50System@%DelphiInterface$t22Dsgnintf@IFormDesigner%
 0002:00007CAC      @_$DCEM$@TPieEditor@$bdtr$qqrv
 0002:00007CBC      @_$ECTFM$@TPieEditor@$bdtr$qqrv
 0002:00007CD0      @_$DCGM$@TPieEditor@EditProperty$qqrp24Dsgnintf@TPropertyEditorrot2
 0002:00007CFC      @_$ECTHM$@TPieEditor@EditProperty$qqrp24Dsgnintf@TPropertyEditorrot2
 0002:00007D1C      @_$DCIM$@TPieEditor@GetVerb$qqri
 0002:00007D74      @_$ECTJM$@TPieEditor@GetVerb$qqri
 0002:00007DAC      @_$DCSM$@Forms@TForm@$bctr$qqrpv
 0002:00007DBC      @_$ECTTM$@Forms@TForm@$bctr$qqrpv
 0002:00007DD0      @_$DCWM$@Dsgnintf@TClassProperty@$bctr$qqrx50System@%DelphiInterface$t22Dsgnintf@IFormDesigner%i
 0002:00007E00      @_$ECTXM$@Dsgnintf@TClassProperty@$bctr$qqrx50System@%DelphiInterface$t22Dsgnintf@IFormDesigner%i
 0002:00007E38      @_$DCYM$@Dsgnintf@TClassProperty@$bdtr$qqrv
 0002:00007E48      @_$ECTZM$@Dsgnintf@TClassProperty@$bdtr$qqrv
 0002:00007E5C      @_$DCAN$@Dsgnintf@TDefaultEditor@$bctr$qqrp18Classes@TComponent50System@%DelphiInterface$t22Dsgnintf@IFormDesigner%
 0002:00007E7C      @_$ECTBN$@Dsgnintf@TDefaultEditor@$bctr$qqrp18Classes@TComponent50System@%DelphiInterface$t22Dsgnintf@IFormDesigner%
 0002:00007E9C      @_$DCCN$@Dsgnintf@TDefaultEditor@$bdtr$qqrv
 0002:00007EAC      @_$ECTDN$@Dsgnintf@TDefaultEditor@$bdtr$qqrv
 0002:00007EC0      @_$DCEN$@Forms@TCustomForm@$bctr$qqrpv
 0002:00007ED0      @_$ECTFN$@Forms@TCustomForm@$bctr$qqrpv
 0002:00007EE4      @_$DCGN$@Dsgnintf@TComponentEditor@$bdtr$qqrv
 0002:00007EF4      @_$ECTHN$@Dsgnintf@TComponentEditor@$bdtr$qqrv
 0002:00007F08      @_$DCIN$@Forms@TScrollingWinControl@$bctr$qqrpv
 0002:00007F18      @_$ECTJN$@Forms@TScrollingWinControl@$bctr$qqrpv
 0002:00007F2C      @_$ECTKN$@System@TInterfacedObject@$bdtr$qqrv
 0002:00007F34      @_$ECTLN$@System@%Set$t17Forms@TBorderIcon$iuc$0$iuc$3%@$bctr$qqrv
 0002:00007F3C      @_$DCMN$@System@%DelphiInterface$t15Forms@IDesigner%@$bctr$qqrv
 0002:00007F4C      @_$ECTNN$@System@%DelphiInterface$t15Forms@IDesigner%@$bctr$qqrv
 0002:00007F60      @_$DCON$@System@%DelphiInterface$t14Forms@IOleForm%@$bctr$qqrv
 0002:00007F70      @_$ECTPN$@System@%DelphiInterface$t14Forms@IOleForm%@$bctr$qqrv
 0002:00007F84      @_$ECTQN$@System@%Set$t14Forms@Forms__6$iuc$0$iuc$5%@$bctr$qqrv
 0002:00007F8C      @TAngleEditorDlg@
 0002:00008184      @TAnglesProperty@
 0002:00008214      @TPieEditor@
 0002:0000828C      @TPie@
 0002:000083FC      @TAngles@
 0002:0000845C      __indStub:115
 0002:00008460      __indStub:116
 0002:00008464      __indStub:118
 0002:00008468      __indStub:4812
 0002:0000846C      __indStub:6562
 0002:00008470      __indStub:3713
 0002:00008474      __indStub:6487
 0002:00008478      __indStub:3562
 0002:0000847C      __indStub:5859
 0002:00008480      __indStub:5860
 0002:00008484      __indStub:5861
 0002:00008488      __indStub:5871
 0002:0000848C      __indStub:5868
 0002:00008490      __indStub:4807
 0002:00008494      __indStub:5858
 0002:00008498      __indStub:7688
 0002:0000849C      __indStub:6494
 0002:000084A0      __indStub:6491
 0002:000084A4      __indStub:6486
 0002:000084A8      __indStub:6488
 0002:000084AC      __indStub:6492
 0002:000084B0      __indStub:6493
 0002:000084B4      __indStub:4808
 0002:000084B8      __indStub:4809
 0002:000084BC      __indStub:4810
 0002:000084C0      __indStub:6959
 0002:000084C4      __indStub:4806
 0002:000084C8      __indStub:6490
 0002:000084CC      __indStub:6958
 0002:000084D0      __indStub:7686
 0002:000084D4      __indStub:7687
 0002:000084D8      __indStub:5862
 0002:000084DC      __indStub:5863
 0002:000084E0      __indStub:5864
 0002:000084E4      __indStub:5865
 0002:000084E8      __indStub:7168
 0002:000084EC      __indStub:7169
 0002:000084F0      __indStub:7170
 0002:000084F4      __indStub:7171
 0002:000084F8      __indStub:7172
 0002:000084FC      __indStub:7173
 0002:00008500      __indStub:7174
 0002:00008504      __indStub:7175
 0002:00008508      __indStub:7182
 0002:0000850C      __indStub:7176
 0002:00008510      __indStub:7177
 0002:00008514      __indStub:7178
 0002:00008518      __indStub:7179
 0002:0000851C      __indStub:7180
 0002:00008520      __indStub:7181
 0002:00008524      __indStub:4788
 0002:00008528      __indStub:4789
 0002:0000852C      __indStub:4790
 0002:00008530      __indStub:4791
 0002:00008534      __indStub:4792
 0002:00008538      __indStub:4793
 0002:0000853C      __indStub:4794
 0002:00008540      __indStub:4795
 0002:00008544      __indStub:4796
 0002:00008548      __indStub:4797
 0002:0000854C      __indStub:4798
 0002:00008550      __indStub:4799
 0002:00008554      __indStub:4800
 0002:00008558      __indStub:4801
 0002:0000855C      __indStub:4802
 0002:00008560      __indStub:4803
 0002:00008564      __indStub:4804
 0002:00008568      __indStub:4805
 0002:0000856C      __indStub:3563
 0002:00008570      __indStub:5872
 0002:00008574      __indStub:3561
 0002:00008578      __indStub:6489
 0002:0000857C      __indStub:7689
 0002:00008580      __indStub:7690
 0002:00008584      __indStub:7691
 0002:00008588      __indStub:7692
 0002:0000858C      __indStub:7862
 0002:00008590      __indStub:8028
 0002:00008594      __indStub:7754
 0002:00008598      __indStub:6576
 0002:0000859C      __indStub:6586
 0002:000085A0      __indStub:7770
 0002:000085A4      __indStub:7796
 0002:000085A8      __indStub:7882
 0002:000085AC      __indStub:7778
 0002:000085B0      __indStub:7780
 0002:000085B4      __indStub:8212
 0002:000085B8      __indStub:8085
 0002:000085BC      __indStub:7961
 0002:000085C0      __indStub:7784
 0002:000085C4      __indStub:7782
 0002:000085C8      __indStub:7760
 0002:000085CC      __indStub:7762
 0002:000085D0      __indStub:7772
 0002:000085D4      __indStub:7756
 0002:000085D8      __indStub:7758
 0002:000085DC      __indStub:7764
 0002:000085E0      __indStub:7766
 0002:000085E4      __indStub:7804
 0002:000085E8      __indStub:7812
 0002:000085EC      __indStub:7816
 0002:000085F0      __indStub:7806
 0002:000085F4      __indStub:7814
 0002:000085F8      __indStub:7818
 0002:000085FC      __indStub:7792
 0002:00008600      __indStub:7794
 0002:00008604      __indStub:7904
 0002:00008608      __indStub:7898
 0002:0000860C      __indStub:7900
 0002:00008610      __indStub:7902
 0002:00008614      __indStub:7896
 0002:00008618      __indStub:7892
 0002:0000861C      __indStub:7890
 0002:00008620      __indStub:7894
 0002:00008624      __indStub:7888
 0002:00008628      __indStub:7886
 0002:0000862C      __indStub:6497
 0002:00008630      __indStub:6498
 0002:00008634      __indStub:6500
 0002:00008638      __indStub:6499
 0002:0000863C      __indStub:6480
 0002:00008640      __indStub:6481
 0002:00008644      __indStub:6482
 0002:00008648      __indStub:6484
 0002:0000864C      __indStub:12124
 0002:00008650      __indStub:3802
 0002:00008654      __indStub:4864
 0002:00008658      __indStub:4865
 0002:0000865C      __indStub:4867
 0002:00008660      __indStub:5900
 0002:00008664      __indStub:3801
 0002:00008668      __indStub:12350
 0002:0000866C      __indStub:12352
 0002:00008670      __indStub:12362
 0002:00008674      __indStub:12409
 0002:00008678      __indStub:12411
 0002:0000867C      __indStub:12366
 0002:00008680      __indStub:12439
 0002:00008684      __indStub:12445
 0002:00008688      __indStub:12447
 0002:0000868C      __indStub:12423
 0002:00008690      __indStub:12425
 0002:00008694      __indStub:12449
 0002:00008698      __indStub:12399
 0002:0000869C      __indStub:12437
 0002:000086A0      __indStub:12364
 0002:000086A4      __indStub:12395
 0002:000086A8      __indStub:12461
 0002:000086AC      __indStub:12463
 0002:000086B0      __indStub:12443
 0002:000086B4      __indStub:12441
 0002:000086B8      __indStub:12435
 0002:000086BC      __indStub:12433
 0002:000086C0      __indStub:12431
 0002:000086C4      __indStub:12421
 0002:000086C8      __indStub:12419
 0002:000086CC      __indStub:12417
 0002:000086D0      __indStub:12401
 0002:000086D4      __indStub:12403
 0002:000086D8      __indStub:12405
 0002:000086DC      __indStub:12397
 0002:000086E0      __indStub:12393
 0002:000086E4      __indStub:12391
 0002:000086E8      __indStub:12389
 0002:000086EC      __indStub:12387
 0002:000086F0      __indStub:12384
 0002:000086F4      __indStub:12382
 0002:000086F8      __indStub:12380
 0002:000086FC      __indStub:12378
 0002:00008700      __indStub:12376
 0002:00008704      __indStub:12374
 0002:00008708      __indStub:12372
 0002:0000870C      __indStub:12370
 0002:00008710      __indStub:12368
 0002:00008714      __indStub:12541
 0002:00008718      __indStub:12539
 0002:0000871C      __indStub:12537
 0002:00008720      __indStub:12535
 0002:00008724      __indStub:12533
 0002:00008728      __indStub:12531
 0002:0000872C      __indStub:12529
 0002:00008730      __indStub:12527
 0002:00008734      __indStub:12525
 0002:00008738      __indStub:12523
 0002:0000873C      __indStub:12521
 0002:00008740      __indStub:12519
 0002:00008744      __indStub:12517
 0002:00008748      __indStub:12515
 0002:0000874C      __indStub:12513
 0002:00008750      __indStub:12511
 0002:00008754      __indStub:12509
 0002:00008758      __indStub:12507
 0002:0000875C      __indStub:12505
 0002:00008760      __indStub:12503
 0002:00008764      __indStub:12501
 0002:00008768      __indStub:12499
 0002:0000876C      __indStub:12497
 0002:00008770      __indStub:12495
 0002:00008774      __indStub:12493
 0002:00008778      __indStub:12491
 0002:0000877C      __indStub:12489
 0002:00008780      __indStub:12487
 0002:00008784      __indStub:12485
 0002:00008788      __indStub:12483
 0002:0000878C      __indStub:12481
 0002:00008790      __indStub:12479
 0002:00008794      __indStub:12477
 0002:00008798      __indStub:12475
 0002:0000879C      __indStub:12473
 0002:000087A0      __indStub:12471
 0002:000087A4      __indStub:12469
 0002:000087A8      __indStub:12467
 0002:000087AC      __indStub:12415
 0002:000087B0      __indStub:12413
 0002:000087B4      __indStub:10799
 0002:000087B8      __indStub:12988
 0002:000087BC      __indStub:12987
 0002:000087C0      __indStub:12990
 0002:000087C4      __indStub:12991
 0002:000087C8      __indStub:12989
 0002:000087CC      __indStub:12992
 0002:000087D0      __indStub:12993
 0002:000087D4      __indStub:6684
 0002:000087D8      __indStub:77
 0002:000087DC      __indStub:6686
 0002:000087E0      __indStub:79
 0002:000087E4      __indStub:6685
 0002:000087E8      __indStub:81
 0002:000087EC      __indStub:80
 0002:000087F0      __indStub:12981
 0002:000087F4      __indStub:10804
 0002:000087F8      __indStub:13505
 0002:000087FC      __indStub:12914
 0002:00008800      __indStub:99
 0002:00008804      __indStub:7834
 0002:00008808      __indStub:7840
 0002:0000880C      __indStub:7842
 0002:00008810      __indStub:7844
 0002:00008814      __indStub:7846
 0002:00008818      __indStub:7848
 0002:0000881C      __indStub:8024
 0002:00008820      __indStub:8030
 0002:00008824      __indStub:10323
 0002:00008828      __indStub:3094
 0002:0000882C      __indStub:3096
 0002:00008830      __indStub:7937
 0002:00008834      __indStub:7935
 0002:00008838      __indStub:7933
 0002:0000883C      __indStub:7939
 0002:00008840      __indStub:7941
 0002:00008844      __indStub:8378
 0002:00008848      __indStub:8073
 0002:0000884C      __indStub:8070
 0002:00008850      __indStub:12907
 0002:00008854      __indStub:12904
 0002:00008858      __indStub:7971
 0002:0000885C      __indStub:7973
 0002:00008864      __TLS_index
 0003:00000000      @Sysinit@ModuleIsLib
 0003:00000000      @Sysinit@B2_2
 0003:00000001      @Sysinit@ModuleIsPackage
 0003:00000002      @Sysinit@ModuleIsCpp
 0003:00000004      @Sysinit@TlsIndex
 0003:00000008      @Sysinit@TlsLast
 0003:0000000C      @Sysinit@HInstance
 0003:00000010      @Sysinit@DllProc
 0003:0000001C      @Unit1@B4_2
 0003:0000001C      _Form1
 0003:00000020      @Unit1@B4_3
 0003:00000024      @B5_2
 0003:00000024      _AboutForm
 0003:00000028      @Advbar@B34_2
 0003:0000002C      @Advbar@B34_3
 0003:00000030      @Browsedlg@B40_3
 0003:00000034      @Exedlg@B43_2
 0003:00000038      @Exedlg@B43_3
 0003:0000003C      @Exeinfo@B45_3
 0003:00000040      @Exeres@B48_3
 0003:00000044      @Framepan@B50_2
 0003:0000005C      @Framepan@B50_3
 0003:00000060      @Hintbox@B53_2
 0003:000000BC      @Hintbox@B53_3
 0003:000000C0      @Contnrs@B60_1
 0003:000000C4      @Masks@B62_1
 0003:000000C8      @Urlmon@B66_2
 0003:000000CC      @Stdactns@B70_2
 0003:000000D0      @Imglist@B72_2
 0003:000000D4      @Actnlist@B74_2
 0003:000000D8      @Dsgnintf@B104_2
 0003:000000D8      @Dsgnintf@FreeCustomModulesProc
 0003:000000DC      @Dsgnintf@RegisterCustomModuleProc
 0003:000000E4      @Toolwin@B108_2
 0003:000000E8      @Typinfo@B114_2
 0003:000000EC      @Stdctrls@B116_2
 0003:000000F0      @Registry@B138_2
 0003:000000F4      @Printers@B140_2
 0003:000000F8      @Menus@B149_2
 0003:000000F8      @Menus@PopupList
 0003:000000FC      @Menus@ShortCutItems
 0003:00000108      @Mask@B153_2
 0003:0000010C      @Inifiles@B155_2
 0003:00000110      @Grids@B157_2
 0003:00000114      @Graphics@B158_2
 0003:00000114      @Graphics@SystemPalette16
 0003:00000174      @Forms@B159_2
 0003:00000174      @Forms@Application
 0003:00000178      @Forms@Screen
 0003:00000198      @Extctrls@B175_2
 0003:0000019C      @Dialogs@B178_2
 0003:000001D8      @Controls@B186_2
 0003:000001D8      @Controls@Mouse
 0003:000001DC      @Controls@NewStyleControls
 0003:00000248      @Consts@B188_1
 0003:0000024C      @Comstrs@B190_1
 0003:00000250      @Comctrls@B192_2
 0003:00000284      @Clipbrd@B199_1
 0003:00000284      @Clipbrd@CF_PICTURE
 0003:00000286      @Clipbrd@CF_COMPONENT
 0003:00000290      @Classes@GlobalNameSpace
 0003:00000290      @Classes@B200_2
 0003:00000294      @Classes@FindGlobalComponent
 0003:000002CC      @Buttons@B203_2
 0003:000002FC      @Multimon@B210_1
 0003:000002FC      @Multimon@GetSystemMetrics
 0003:00000300      @Multimon@MonitorFromWindow
 0003:00000304      @Multimon@MonitorFromRect
 0003:00000308      @Multimon@MonitorFromPoint
 0003:0000030C      @Multimon@GetMonitorInfoA
 0003:00000310      @Multimon@GetMonitorInfoW
 0003:00000314      @Multimon@GetMonitorInfo
 0003:00000318      @Multimon@EnumDisplayMonitors
 0003:00000330      @Flatsb@B211_1
 0003:00000330      @Flatsb@FlatSB_EnableScrollBar
 0003:00000334      @Flatsb@FlatSB_ShowScrollBar
 0003:00000338      @Flatsb@FlatSB_GetScrollRange
 0003:0000033C      @Flatsb@FlatSB_GetScrollInfo
 0003:00000340      @Flatsb@FlatSB_GetScrollPos
 0003:00000344      @Flatsb@FlatSB_SetScrollPos
 0003:00000348      @Flatsb@FlatSB_SetScrollInfo
 0003:0000034C      @Flatsb@FlatSB_SetScrollRange
 0003:00000364      @Winspool@B215_1
 0003:00000368      @Wininet@B219_1
 0003:0000036C      @Windows@B220_2
 0003:00000370      @Shlobj@B223_2
 0003:00000374      @Shellapi@B230_1
 0003:00000378      @Richedit@B231_1
 0003:0000037C      @Regstr@B232_1
 0003:00000380      @Activex@B237_2
 0003:00000384      @Messages@B242_1
 0003:00000388      @Imm@B251_1
 0003:0000038C      @Dlgs@B252_1
 0003:00000390      @Commdlg@B255_1
 0003:00000394      @Commctrl@B256_1
 0003:000003A0      @Math@B257_2
 0003:000003A4      @Sysconst@B264_1
 0003:000003A8      @Sysutils@CurrencyString
 0003:000003A8      @Sysutils@B265_2
 0003:000003AC      @Sysutils@CurrencyFormat
 0003:000003AD      @Sysutils@NegCurrFormat
 0003:000003AE      @Sysutils@ThousandSeparator
 0003:000003AF      @Sysutils@DecimalSeparator
 0003:000003B0      @Sysutils@CurrencyDecimals
 0003:000003B1      @Sysutils@DateSeparator
 0003:000003B4      @Sysutils@ShortDateFormat
 0003:000003B8      @Sysutils@LongDateFormat
 0003:000003BC      @Sysutils@TimeSeparator
 0003:000003C0      @Sysutils@TimeAMString
 0003:000003C4      @Sysutils@TimePMString
 0003:000003C8      @Sysutils@ShortTimeFormat
 0003:000003CC      @Sysutils@LongTimeFormat
 0003:000003D0      @Sysutils@ShortMonthNames
 0003:00000400      @Sysutils@LongMonthNames
 0003:00000430      @Sysutils@ShortDayNames
 0003:0000044C      @Sysutils@LongDayNames
 0003:00000468      @Sysutils@SysLocale
 0003:00000474      @Sysutils@EraNames
 0003:00000490      @Sysutils@EraYearOffsets
 0003:000004AC      @Sysutils@ListSeparator
 0003:000004C4      @System@ExceptProc
 0003:000004C4      @System@B267_2
 0003:000004C8      @System@ErrorProc
 0003:000004CC      @System@ExceptClsProc
 0003:000004D0      @System@ExceptObjProc
 0003:000004D4      @System@ExceptionClass
 0003:000004D8      @System@SafeCallErrorProc
 0003:000004DC      @System@AssertErrorProc
 0003:000004E0      @System@AbstractErrorProc
 0003:000004E4      @System@HPrevInst
 0003:000004E8      @System@MainInstance
 0003:000004EC      @System@MainThreadID
 0003:000004F0      @System@IsLibrary
 0003:000004F4      @System@CmdShow
 0003:000004F8      @System@CmdLine
 0003:000004FC      @System@InitProc
 0003:00000500      @System@ExitCode
 0003:00000504      @System@ExitProc
 0003:00000508      @System@ErrorAddr
 0003:0000050C      @System@RandSeed
 0003:00000510      @System@IsConsole
 0003:00000511      @System@IsMultiThread
 0003:00000512      @System@FileMode
 0003:00000513      @System@Test8086
 0003:00000514      @System@Test8087
 0003:00000515      @System@TestFDIV
 0003:00000518      @System@Input
 0003:000006E4      @System@Output
 0003:000008B0      @System@ClearAnyProc
 0003:000008B4      @System@ChangeAnyProc
 0003:000008B8      @System@RefAnyProc
 0003:000008BC      @System@Unassigned
 0003:000008CC      @System@Null
 0003:000008DC      @System@EmptyParam
 0003:000008EC      @System@AllocMemCount
 0003:000008F0      @System@AllocMemSize
 0003:00000998      __new_handler
 0003:00000998      @B451_2
 0003:0000099C      ___bad_alloc
 0003:000009A0      __bormm_pfn_FreeMem
 0003:000009A0      @B473_2
 0003:000009A4      __bormm_pfn_GetMem
 0003:000009A8      __bormm_pfn_ReallocMem
 0003:000009AC      __bormm_pfn_HeapAddRef
 0003:000009B0      __bormm_pfn_HeapRelease
 0003:000009B8      ___Must_Link_VCL_Apps_With_The_CP32MT_Or_CP32MTI_RTL
 0003:000009B8      @B491_0
 0003:000009BC      @B501_2
 0003:000009E8      @B562_2
 0003:000009E8      @__rwstd@__rw_error_msg_mutex
 0003:00000A04      @B770_2
 0003:00000E14      __DestructorCountPtr
 0003:00000E14      @B774_2
 0003:00000E1C      @B780_2
 0003:00000E1C      __HandlerPtr
 0003:00000E20      __UserHandlerPtr
 0003:00000E24      __pidtab
 0003:00000E24      @B970_1
 0003:00000EEC      __handles
 0003:00000FB4      @B1044_2
 0003:00000FBC      @B1146_2
 0003:00000FC4      __mbctype
 0003:00000FC4      @B1684_2
 0003:000010C8      __mbcsCodePage
 0003:000010CC      @B1820_2
 0003:000011CC      @B1836_2
 0003:000011E8      __argv
 0003:000011E8      @B1930_2
 0003:000011F4      @B1932_2
 0003:000011F8      @B1934_2
 0003:000011FC      @B2006_2
 0003:000011FC      __environ
 0003:00001204      __envsize
 0003:00001208      __env_lock
 0003:0000120C      __C0argc
 0003:0000120C      @B2027_1
 0003:00001210      __C0argv
 0003:00001214      __C0environ
 0003:00001218      __oscmd
 0003:0000121C      __osenv
 0003:00001220      __argc
 0003:00001224      __dll_table
 0003:0000122C      __ExcRegPtr
 0003:00001230      __wosenv
 0003:00001234      __woscmd
 0003:00001238      ___exit_lock
 0003:0000123C      __wC0argv
 0003:00001240      __wC0environ
 0003:00001244      __exe_table
 0003:0000124C      __stkbase
 0003:00001250      @B2051_2
 0003:00001258      @B2057_2
 0003:0000425C      @B2135_2
 0003:00004260      ___pCPPdebugHook
 0003:0000426C      @Ccalendr@B2274_3
 0003:00004270      @Piereg@B2290_3
 0004:00000000      @Classes@T200_3
 0004:00000008      @System@T267_3
 0004:00000010      ___xxInfo
 0004:00000010      @T774_3
 0004:000000AC      @T2043_1
 0004:000000AC      __stkindex
 0004:000000B0      __tlsindex
